Archive member included to satisfy reference by file (symbol)

/Users/stefantobiasiewicz/Documents/Programing/Nordic/gcc-arm-none-eabi-10.3-2021.07/bin/../lib/gcc/arm-none-eabi/10.3.1/../../../../arm-none-eabi/lib/thumb/v7e-m+fp/hard/libc_nano.a(lib_a-ctype_.o)
                              _build/nrf52840_xxaa/nrf_log_str_formatter.c.o (_ctype_)
/Users/stefantobiasiewicz/Documents/Programing/Nordic/gcc-arm-none-eabi-10.3-2021.07/bin/../lib/gcc/arm-none-eabi/10.3.1/../../../../arm-none-eabi/lib/thumb/v7e-m+fp/hard/libc_nano.a(lib_a-exit.o)
                              /Users/stefantobiasiewicz/Documents/Programing/Nordic/gcc-arm-none-eabi-10.3-2021.07/bin/../lib/gcc/arm-none-eabi/10.3.1/../../../../arm-none-eabi/lib/thumb/v7e-m+fp/hard/crt0.o (exit)
/Users/stefantobiasiewicz/Documents/Programing/Nordic/gcc-arm-none-eabi-10.3-2021.07/bin/../lib/gcc/arm-none-eabi/10.3.1/../../../../arm-none-eabi/lib/thumb/v7e-m+fp/hard/libc_nano.a(lib_a-impure.o)
                              /Users/stefantobiasiewicz/Documents/Programing/Nordic/gcc-arm-none-eabi-10.3-2021.07/bin/../lib/gcc/arm-none-eabi/10.3.1/../../../../arm-none-eabi/lib/thumb/v7e-m+fp/hard/libc_nano.a(lib_a-exit.o) (_global_impure_ptr)
/Users/stefantobiasiewicz/Documents/Programing/Nordic/gcc-arm-none-eabi-10.3-2021.07/bin/../lib/gcc/arm-none-eabi/10.3.1/../../../../arm-none-eabi/lib/thumb/v7e-m+fp/hard/libc_nano.a(lib_a-init.o)
                              /Users/stefantobiasiewicz/Documents/Programing/Nordic/gcc-arm-none-eabi-10.3-2021.07/bin/../lib/gcc/arm-none-eabi/10.3.1/../../../../arm-none-eabi/lib/thumb/v7e-m+fp/hard/crt0.o (__libc_init_array)
/Users/stefantobiasiewicz/Documents/Programing/Nordic/gcc-arm-none-eabi-10.3-2021.07/bin/../lib/gcc/arm-none-eabi/10.3.1/../../../../arm-none-eabi/lib/thumb/v7e-m+fp/hard/libc_nano.a(lib_a-memcpy-stub.o)
                              _build/nrf52840_xxaa/nrf_log_frontend.c.o (memcpy)
/Users/stefantobiasiewicz/Documents/Programing/Nordic/gcc-arm-none-eabi-10.3-2021.07/bin/../lib/gcc/arm-none-eabi/10.3.1/../../../../arm-none-eabi/lib/thumb/v7e-m+fp/hard/libc_nano.a(lib_a-memset.o)
                              /Users/stefantobiasiewicz/Documents/Programing/Nordic/gcc-arm-none-eabi-10.3-2021.07/bin/../lib/gcc/arm-none-eabi/10.3.1/../../../../arm-none-eabi/lib/thumb/v7e-m+fp/hard/crt0.o (memset)
/Users/stefantobiasiewicz/Documents/Programing/Nordic/gcc-arm-none-eabi-10.3-2021.07/bin/../lib/gcc/arm-none-eabi/10.3.1/../../../../arm-none-eabi/lib/thumb/v7e-m+fp/hard/libc_nano.a(lib_a-strcpy.o)
                              _build/nrf52840_xxaa/SEGGER_RTT.c.o (strcpy)
/Users/stefantobiasiewicz/Documents/Programing/Nordic/gcc-arm-none-eabi-10.3-2021.07/bin/../lib/gcc/arm-none-eabi/10.3.1/../../../../arm-none-eabi/lib/thumb/v7e-m+fp/hard/libc_nano.a(lib_a-strlen.o)
                              _build/nrf52840_xxaa/nrf_log_frontend.c.o (strlen)
/Users/stefantobiasiewicz/Documents/Programing/Nordic/gcc-arm-none-eabi-10.3-2021.07/bin/../lib/gcc/arm-none-eabi/10.3.1/../../../../arm-none-eabi/lib/thumb/v7e-m+fp/hard/libnosys.a(_exit.o)
                              /Users/stefantobiasiewicz/Documents/Programing/Nordic/gcc-arm-none-eabi-10.3-2021.07/bin/../lib/gcc/arm-none-eabi/10.3.1/../../../../arm-none-eabi/lib/thumb/v7e-m+fp/hard/libc_nano.a(lib_a-exit.o) (_exit)

Discarded input sections

 .text          0x0000000000000000        0x0 /Users/stefantobiasiewicz/Documents/Programing/Nordic/gcc-arm-none-eabi-10.3-2021.07/bin/../lib/gcc/arm-none-eabi/10.3.1/thumb/v7e-m+fp/hard/crti.o
 .data          0x0000000000000000        0x0 /Users/stefantobiasiewicz/Documents/Programing/Nordic/gcc-arm-none-eabi-10.3-2021.07/bin/../lib/gcc/arm-none-eabi/10.3.1/thumb/v7e-m+fp/hard/crti.o
 .bss           0x0000000000000000        0x0 /Users/stefantobiasiewicz/Documents/Programing/Nordic/gcc-arm-none-eabi-10.3-2021.07/bin/../lib/gcc/arm-none-eabi/10.3.1/thumb/v7e-m+fp/hard/crti.o
 .data          0x0000000000000000        0x4 /Users/stefantobiasiewicz/Documents/Programing/Nordic/gcc-arm-none-eabi-10.3-2021.07/bin/../lib/gcc/arm-none-eabi/10.3.1/thumb/v7e-m+fp/hard/crtbegin.o
 .rodata        0x0000000000000000       0x24 /Users/stefantobiasiewicz/Documents/Programing/Nordic/gcc-arm-none-eabi-10.3-2021.07/bin/../lib/gcc/arm-none-eabi/10.3.1/thumb/v7e-m+fp/hard/crtbegin.o
 .data          0x0000000000000000        0x0 /Users/stefantobiasiewicz/Documents/Programing/Nordic/gcc-arm-none-eabi-10.3-2021.07/bin/../lib/gcc/arm-none-eabi/10.3.1/../../../../arm-none-eabi/lib/thumb/v7e-m+fp/hard/crt0.o
 .bss           0x0000000000000000        0x0 /Users/stefantobiasiewicz/Documents/Programing/Nordic/gcc-arm-none-eabi-10.3-2021.07/bin/../lib/gcc/arm-none-eabi/10.3.1/../../../../arm-none-eabi/lib/thumb/v7e-m+fp/hard/crt0.o
 .ARM.extab     0x0000000000000000        0x0 /Users/stefantobiasiewicz/Documents/Programing/Nordic/gcc-arm-none-eabi-10.3-2021.07/bin/../lib/gcc/arm-none-eabi/10.3.1/../../../../arm-none-eabi/lib/thumb/v7e-m+fp/hard/crt0.o
[...]
Memory Configuration

Name             Origin             Length             Attributes
FLASH            0x0000000000000000 0x0000000000100000 xr
RAM              0x0000000020000000 0x0000000000040000 xrw
*default*        0x0000000000000000 0xffffffffffffffff

Linker script and memory map


.text           0x0000000000000000     0x678c
 *(.isr_vector)
 .isr_vector    0x0000000000000000      0x200 _build/nrf52840_xxaa/gcc_startup_nrf52840.S.o
                0x0000000000000000                __isr_vector
 *(.text*)
 .text          0x0000000000000200       0x40 /Users/stefantobiasiewicz/Documents/Programing/Nordic/gcc-arm-none-eabi-10.3-2021.07/bin/../lib/gcc/arm-none-eabi/10.3.1/thumb/v7e-m+fp/hard/crtbegin.o
 .text          0x0000000000000240       0x7c /Users/stefantobiasiewicz/Documents/Programing/Nordic/gcc-arm-none-eabi-10.3-2021.07/bin/../lib/gcc/arm-none-eabi/10.3.1/../../../../arm-none-eabi/lib/thumb/v7e-m+fp/hard/crt0.o
                0x0000000000000240                _stack_init
                0x0000000000000248                _mainCRTStartup
                0x0000000000000248                _start
 .text          0x00000000000002bc       0x3c _build/nrf52840_xxaa/gcc_startup_nrf52840.S.o
                0x00000000000002bc                Reset_Handler
                0x00000000000002e4                NMI_Handler
                0x00000000000002e6                HardFault_Handler
                0x00000000000002e8                MemoryManagement_Handler
                0x00000000000002ea                BusFault_Handler
                0x00000000000002ec                UsageFault_Handler
                0x00000000000002ee                SVC_Handler
                0x00000000000002f0                DebugMon_Handler
                0x00000000000002f2                PendSV_Handler
                0x00000000000002f4                SysTick_Handler
                0x00000000000002f6                QDEC_IRQHandler
                0x00000000000002f6                TIMER3_IRQHandler
                0x00000000000002f6                PWM3_IRQHandler
                0x00000000000002f6                FPU_IRQHandler
                0x00000000000002f6                USBD_IRQHandler
                0x00000000000002f6                TIMER4_IRQHandler
                0x00000000000002f6                CRYPTOCELL_IRQHandler
                0x00000000000002f6                I2S_IRQHandler
                0x00000000000002f6                SWI4_EGU4_IRQHandler
                0x00000000000002f6                TIMER0_IRQHandler
                0x00000000000002f6                UARTE1_IRQHandler
                0x00000000000002f6                TIMER1_IRQHandler
                0x00000000000002f6                SPIM3_IRQHandler
                0x00000000000002f6                PWM2_IRQHandler
                0x00000000000002f6                ECB_IRQHandler
                0x00000000000002f6                Default_Handler
                0x00000000000002f6                SAADC_IRQHandler
                0x00000000000002f6                CCM_AAR_IRQHandler
                0x00000000000002f6                WDT_IRQHandler
                0x00000000000002f6                SWI5_EGU5_IRQHandler
                0x00000000000002f6                RNG_IRQHandler
                0x00000000000002f6                RTC2_IRQHandler
                0x00000000000002f6                PWM0_IRQHandler
                0x00000000000002f6                SWI3_EGU3_IRQHandler
                0x00000000000002f6                RTC1_IRQHandler
                0x00000000000002f6                SWI1_EGU1_IRQHandler
                0x00000000000002f6                SPIM2_SPIS2_SPI2_IRQHandler
                0x00000000000002f6                NFCT_IRQHandler
                0x00000000000002f6                MWU_IRQHandler
                0x00000000000002f6                QSPI_IRQHandler
                0x00000000000002f6                TIMER2_IRQHandler
                0x00000000000002f6                COMP_LPCOMP_IRQHandler
                0x00000000000002f6                RTC0_IRQHandler
                0x00000000000002f6                SWI0_EGU0_IRQHandler
                0x00000000000002f6                SWI2_EGU2_IRQHandler
                0x00000000000002f6                GPIOTE_IRQHandler
                0x00000000000002f6                PWM1_IRQHandler
                0x00000000000002f6                POWER_CLOCK_IRQHandler
                0x00000000000002f6                RADIO_IRQHandler
                0x00000000000002f6                PDM_IRQHandler
                0x00000000000002f6                TEMP_IRQHandler
 .text.nrf_log_backend_serial_put
                0x00000000000002f8       0xd8 _build/nrf52840_xxaa/nrf_log_backend_serial.c.o
                0x00000000000002f8                nrf_log_backend_serial_put
 .text.uart_evt_handler
                0x00000000000003d0        0xc _build/nrf52840_xxaa/nrf_log_backend_uart.c.o
 .text.nrf_log_backend_uart_flush
                0x00000000000003dc        0x4 _build/nrf52840_xxaa/nrf_log_backend_uart.c.o
 .text.nrf_log_backend_uart_put
                0x00000000000003e0       0x20 _build/nrf52840_xxaa/nrf_log_backend_uart.c.o
 .text.serial_tx
                0x0000000000000400       0x50 _build/nrf52840_xxaa/nrf_log_backend_uart.c.o
 .text.nrf_log_backend_uart_panic_set
                0x0000000000000450       0x68 _build/nrf52840_xxaa/nrf_log_backend_uart.c.o
 .text.nrf_log_backend_uart_init
                0x00000000000004b8       0x50 _build/nrf52840_xxaa/nrf_log_backend_uart.c.o
                0x00000000000004b8                nrf_log_backend_uart_init
 .text.nrf_log_default_backends_init
                0x0000000000000508       0x20 _build/nrf52840_xxaa/nrf_log_default_backends.c.o
                0x0000000000000508                nrf_log_default_backends_init
 .text.log_skip
                0x0000000000000528       0xd0 _build/nrf52840_xxaa/nrf_log_frontend.c.o
 .text.nrf_log_init
                0x00000000000005f8       0x3c _build/nrf52840_xxaa/nrf_log_frontend.c.o
                0x00000000000005f8                nrf_log_init
 .text.nrf_log_module_name_get
                0x0000000000000634       0x48 _build/nrf52840_xxaa/nrf_log_frontend.c.o
                0x0000000000000634                nrf_log_module_name_get
 .text.nrf_log_color_id_get
                0x000000000000067c       0x2c _build/nrf52840_xxaa/nrf_log_frontend.c.o
                0x000000000000067c                nrf_log_color_id_get
 .text.nrf_log_frontend_dequeue
                0x00000000000006a8      0x27c _build/nrf52840_xxaa/nrf_log_frontend.c.o
                0x00000000000006a8                nrf_log_frontend_dequeue
 .text.nrf_log_frontend_std_0
                0x0000000000000924       0xc4 _build/nrf52840_xxaa/nrf_log_frontend.c.o
                0x0000000000000924                nrf_log_frontend_std_0
 .text.nrf_log_frontend_hexdump
                0x00000000000009e8      0x134 _build/nrf52840_xxaa/nrf_log_frontend.c.o
                0x00000000000009e8                nrf_log_frontend_hexdump
 .text.nrf_log_frontend_std_1
                0x0000000000000b1c       0xd0 _build/nrf52840_xxaa/nrf_log_frontend.c.o
                0x0000000000000b1c                nrf_log_frontend_std_1
 .text.nrf_log_frontend_std_2
                0x0000000000000bec       0xe0 _build/nrf52840_xxaa/nrf_log_frontend.c.o
                0x0000000000000bec                nrf_log_frontend_std_2
 .text.nrf_log_frontend_std_3
                0x0000000000000ccc       0xec _build/nrf52840_xxaa/nrf_log_frontend.c.o
                0x0000000000000ccc                nrf_log_frontend_std_3
 .text.nrf_log_frontend_std_5
                0x0000000000000db8      0x108 _build/nrf52840_xxaa/nrf_log_frontend.c.o
                0x0000000000000db8                nrf_log_frontend_std_5
 .text.nrf_log_backend_add
                0x0000000000000ec0       0x5c _build/nrf52840_xxaa/nrf_log_frontend.c.o
                0x0000000000000ec0                nrf_log_backend_add
 .text.nrf_log_panic
                0x0000000000000f1c       0x2c _build/nrf52840_xxaa/nrf_log_frontend.c.o
                0x0000000000000f1c                nrf_log_panic
 .text.prefix_process
                0x0000000000000f48       0x84 _build/nrf52840_xxaa/nrf_log_str_formatter.c.o
 .text.nrf_log_std_entry_process
                0x0000000000000fcc       0xec _build/nrf52840_xxaa/nrf_log_str_formatter.c.o
                0x0000000000000fcc                nrf_log_std_entry_process
 .text.nrf_log_hexdump_entry_process
                0x00000000000010b8      0x104 _build/nrf52840_xxaa/nrf_log_str_formatter.c.o
                0x00000000000010b8                nrf_log_hexdump_entry_process
 .text.app_error_handler_bare
                0x00000000000011bc       0x20 _build/nrf52840_xxaa/app_error.c.o
                0x00000000000011bc                app_error_handler_bare
 .text.app_error_fault_handler
                0x00000000000011dc       0x6c _build/nrf52840_xxaa/app_error_weak.c.o
                0x00000000000011dc                app_error_fault_handler
 .text.app_util_critical_region_enter
                0x0000000000001248       0x10 _build/nrf52840_xxaa/app_util_platform.c.o
                0x0000000000001248                app_util_critical_region_enter
 .text.app_util_critical_region_exit
                0x0000000000001258       0x14 _build/nrf52840_xxaa/app_util_platform.c.o
                0x0000000000001258                app_util_critical_region_exit
 .text.nrf_atomic_u32_fetch_store
                0x000000000000126c       0x14 _build/nrf52840_xxaa/nrf_atomic.c.o
                0x000000000000126c                nrf_atomic_u32_fetch_store
 .text.nrf_atomic_u32_add
                0x0000000000001280       0x18 _build/nrf52840_xxaa/nrf_atomic.c.o
                0x0000000000001280                nrf_atomic_u32_add
 .text.nrf_atomic_u32_sub
                0x0000000000001298       0x18 _build/nrf52840_xxaa/nrf_atomic.c.o
                0x0000000000001298                nrf_atomic_u32_sub
 .text.nrf_atomic_flag_set
                0x00000000000012b0       0x18 _build/nrf52840_xxaa/nrf_atomic.c.o
                0x00000000000012b0                nrf_atomic_flag_set
 .text.nrf_atomic_flag_clear_fetch
                0x00000000000012c8       0x18 _build/nrf52840_xxaa/nrf_atomic.c.o
                0x00000000000012c8                nrf_atomic_flag_clear_fetch
 .text.nrf_balloc_init
                0x00000000000012e0       0x3c _build/nrf52840_xxaa/nrf_balloc.c.o
                0x00000000000012e0                nrf_balloc_init
 .text.nrf_balloc_alloc
                0x000000000000131c       0x4c _build/nrf52840_xxaa/nrf_balloc.c.o
                0x000000000000131c                nrf_balloc_alloc
 .text.nrf_balloc_free
                0x0000000000001368       0x2c _build/nrf52840_xxaa/nrf_balloc.c.o
                0x0000000000001368                nrf_balloc_free
 .text.nrf_fprintf_buffer_flush
                0x0000000000001394       0x18 _build/nrf52840_xxaa/nrf_fprintf.c.o
                0x0000000000001394                nrf_fprintf_buffer_flush
 .text.nrf_fprintf
                0x00000000000013ac       0x20 _build/nrf52840_xxaa/nrf_fprintf.c.o
                0x00000000000013ac                nrf_fprintf
 .text.unsigned_print
                0x00000000000013cc      0x160 _build/nrf52840_xxaa/nrf_fprintf_format.c.o
 .text.nrf_fprintf_fmt
                0x000000000000152c      0x584 _build/nrf52840_xxaa/nrf_fprintf_format.c.o
                0x000000000000152c                nrf_fprintf_fmt
 .text.nrf_memobj_pool_init
                0x0000000000001ab0        0x4 _build/nrf52840_xxaa/nrf_memobj.c.o
                0x0000000000001ab0                nrf_memobj_pool_init
 .text.nrf_memobj_alloc
                0x0000000000001ab4       0x94 _build/nrf52840_xxaa/nrf_memobj.c.o
                0x0000000000001ab4                nrf_memobj_alloc
 .text.nrf_memobj_get
                0x0000000000001b48        0x8 _build/nrf52840_xxaa/nrf_memobj.c.o
                0x0000000000001b48                nrf_memobj_get
 .text.nrf_memobj_put
                0x0000000000001b50       0x58 _build/nrf52840_xxaa/nrf_memobj.c.o
                0x0000000000001b50                nrf_memobj_put
 .text.nrf_memobj_write
                0x0000000000001ba8       0x68 _build/nrf52840_xxaa/nrf_memobj.c.o
                0x0000000000001ba8                nrf_memobj_write
 .text.nrf_memobj_read
                0x0000000000001c10       0x68 _build/nrf52840_xxaa/nrf_memobj.c.o
                0x0000000000001c10                nrf_memobj_read
 .text.nrf_ringbuf_init
                0x0000000000001c78       0x1c _build/nrf52840_xxaa/nrf_ringbuf.c.o
                0x0000000000001c78                nrf_ringbuf_init
 .text.twim_evt_handler
                0x0000000000001c94       0x44 _build/nrf52840_xxaa/nrf_drv_twi.c.o
 .text.nrf_drv_twi_init
                0x0000000000001cd8      0x16c _build/nrf52840_xxaa/nrf_drv_twi.c.o
                0x0000000000001cd8                nrf_drv_twi_init
 .text.uarte_evt_handler
                0x0000000000001e44       0x34 _build/nrf52840_xxaa/nrf_drv_uart.c.o
 .text.uart_evt_handler
                0x0000000000001e78       0x34 _build/nrf52840_xxaa/nrf_drv_uart.c.o
 .text.nrf_drv_uart_init
                0x0000000000001eac       0x78 _build/nrf52840_xxaa/nrf_drv_uart.c.o
                0x0000000000001eac                nrf_drv_uart_init
 .text.UARTE0_UART0_IRQHandler
                0x0000000000001f24        0xc _build/nrf52840_xxaa/nrfx_prs.c.o
                0x0000000000001f24                UARTE0_UART0_IRQHandler
 .text.nrfx_prs_acquire
                0x0000000000001f30       0x3c _build/nrf52840_xxaa/nrfx_prs.c.o
                0x0000000000001f30                nrfx_prs_acquire
 .text.nrfx_prs_release
                0x0000000000001f6c       0x18 _build/nrf52840_xxaa/nrfx_prs.c.o
                0x0000000000001f6c                nrfx_prs_release
 .text.xfer_completeness_check
                0x0000000000001f84       0x7c _build/nrf52840_xxaa/nrfx_twim.c.o
 .text.SPIM1_SPIS1_TWIM1_TWIS1_SPI1_TWI1_IRQHandler
                0x0000000000002000      0x1a8 _build/nrf52840_xxaa/nrfx_twim.c.o
                0x0000000000002000                SPIM1_SPIS1_TWIM1_TWIS1_SPI1_TWI1_IRQHandler
 .text.SPIM0_SPIS0_TWIM0_TWIS0_SPI0_TWI0_IRQHandler
                0x00000000000021a8      0x1a0 _build/nrf52840_xxaa/nrfx_twim.c.o
                0x00000000000021a8                SPIM0_SPIS0_TWIM0_TWIS0_SPI0_TWI0_IRQHandler
 .text.nrfx_twim_init
                0x0000000000002348      0x118 _build/nrf52840_xxaa/nrfx_twim.c.o
                0x0000000000002348                nrfx_twim_init
 .text.nrfx_twim_enable
                0x0000000000002460       0x20 _build/nrf52840_xxaa/nrfx_twim.c.o
                0x0000000000002460                nrfx_twim_enable
 .text.nrfx_twim_tx
                0x0000000000002480      0x18c _build/nrf52840_xxaa/nrfx_twim.c.o
                0x0000000000002480                nrfx_twim_tx
 .text.nrfx_twim_rx
                0x000000000000260c      0x14c _build/nrf52840_xxaa/nrfx_twim.c.o
                0x000000000000260c                nrfx_twim_rx
 .text.nrfx_uart_0_irq_handler
                0x0000000000002758      0x1d0 _build/nrf52840_xxaa/nrfx_uart.c.o
                0x0000000000002758                nrfx_uart_0_irq_handler
 .text.nrfx_uart_init
                0x0000000000002928      0x1e4 _build/nrf52840_xxaa/nrfx_uart.c.o
                0x0000000000002928                nrfx_uart_init
 .text.nrfx_uart_uninit
                0x0000000000002b0c       0xfc _build/nrf52840_xxaa/nrfx_uart.c.o
                0x0000000000002b0c                nrfx_uart_uninit
 .text.nrfx_uart_tx
                0x0000000000002c08       0xd8 _build/nrf52840_xxaa/nrfx_uart.c.o
                0x0000000000002c08                nrfx_uart_tx
 .text.nrfx_uarte_0_irq_handler
                0x0000000000002ce0      0x178 _build/nrf52840_xxaa/nrfx_uarte.c.o
                0x0000000000002ce0                nrfx_uarte_0_irq_handler
 .text.nrfx_uarte_init
                0x0000000000002e58      0x214 _build/nrf52840_xxaa/nrfx_uarte.c.o
                0x0000000000002e58                nrfx_uarte_init
 .text.nrfx_uarte_uninit
                0x000000000000306c      0x138 _build/nrf52840_xxaa/nrfx_uarte.c.o
                0x000000000000306c                nrfx_uarte_uninit
 .text.nrfx_uarte_tx
                0x00000000000031a4       0xb0 _build/nrf52840_xxaa/nrfx_uarte.c.o
                0x00000000000031a4                nrfx_uarte_tx
 .text.bme680_i2c_read
                0x0000000000003254       0xc0 _build/nrf52840_xxaa/main.c.o
                0x0000000000003254                bme680_i2c_read
 .text.bme680_wait_us
                0x0000000000003314       0x14 _build/nrf52840_xxaa/main.c.o
                0x0000000000003314                bme680_wait_us
 .text.bme680_i2c_write
                0x0000000000003328       0xb0 _build/nrf52840_xxaa/main.c.o
                0x0000000000003328                bme680_i2c_write
 .text.twi_init
                0x00000000000033d8       0x50 _build/nrf52840_xxaa/main.c.o
                0x00000000000033d8                twi_init
 .text.bme68x_check_rslt
                0x0000000000003428      0x148 _build/nrf52840_xxaa/main.c.o
                0x0000000000003428                bme68x_check_rslt
 .text.bme680_init
                0x0000000000003570       0x6c _build/nrf52840_xxaa/main.c.o
                0x0000000000003570                bme680_init
 .text.startup.main
                0x00000000000035dc      0x354 _build/nrf52840_xxaa/main.c.o
                0x00000000000035dc                main
 .text.calc_pressure
                0x0000000000003930      0x1bc _build/nrf52840_xxaa/bme68x.c.o
 .text.set_mem_page
                0x0000000000003aec       0x7c _build/nrf52840_xxaa/bme68x.c.o
 .text.calc_gas_resistance_low.isra.0
                0x0000000000003b68       0xd8 _build/nrf52840_xxaa/bme68x.c.o
 .text.bme68x_set_regs.constprop.0
                0x0000000000003c40       0xe4 _build/nrf52840_xxaa/bme68x.c.o
 .text.bme68x_init
                0x0000000000003d24      0x33c _build/nrf52840_xxaa/bme68x.c.o
                0x0000000000003d24                bme68x_init
 .text.bme68x_set_regs
                0x0000000000004060      0x30c _build/nrf52840_xxaa/bme68x.c.o
                0x0000000000004060                bme68x_set_regs
 .text.bme68x_get_conf
                0x000000000000436c       0x94 _build/nrf52840_xxaa/bme68x.c.o
                0x000000000000436c                bme68x_get_conf
 .text.bme68x_set_op_mode
                0x0000000000004400      0x104 _build/nrf52840_xxaa/bme68x.c.o
                0x0000000000004400                bme68x_set_op_mode
 .text.bme68x_set_conf
                0x0000000000004504      0x43c _build/nrf52840_xxaa/bme68x.c.o
                0x0000000000004504                bme68x_set_conf
 .text.bme68x_get_meas_dur
                0x0000000000004940       0xe8 _build/nrf52840_xxaa/bme68x.c.o
                0x0000000000004940                bme68x_get_meas_dur
 .text.bme68x_get_data
                0x0000000000004a28      0x954 _build/nrf52840_xxaa/bme68x.c.o
                0x0000000000004a28                bme68x_get_data
 .text.bme68x_set_heatr_conf
                0x000000000000537c      0x9b4 _build/nrf52840_xxaa/bme68x.c.o
                0x000000000000537c                bme68x_set_heatr_conf
 .text.SystemInit
                0x0000000000005d30      0x1b8 _build/nrf52840_xxaa/system_nrf52840.c.o
                0x0000000000005d30                SystemInit
 .text.exit     0x0000000000005ee8       0x28 /Users/stefantobiasiewicz/Documents/Programing/Nordic/gcc-arm-none-eabi-10.3-2021.07/bin/../lib/gcc/arm-none-eabi/10.3.1/../../../../arm-none-eabi/lib/thumb/v7e-m+fp/hard/libc_nano.a(lib_a-exit.o)
                0x0000000000005ee8                exit
 .text.__libc_init_array
                0x0000000000005f10       0x48 /Users/stefantobiasiewicz/Documents/Programing/Nordic/gcc-arm-none-eabi-10.3-2021.07/bin/../lib/gcc/arm-none-eabi/10.3.1/../../../../arm-none-eabi/lib/thumb/v7e-m+fp/hard/libc_nano.a(lib_a-init.o)
                0x0000000000005f10                __libc_init_array
 .text.memcpy   0x0000000000005f58       0x1c /Users/stefantobiasiewicz/Documents/Programing/Nordic/gcc-arm-none-eabi-10.3-2021.07/bin/../lib/gcc/arm-none-eabi/10.3.1/../../../../arm-none-eabi/lib/thumb/v7e-m+fp/hard/libc_nano.a(lib_a-memcpy-stub.o)
                0x0000000000005f58                memcpy
 .text.memset   0x0000000000005f74       0x10 /Users/stefantobiasiewicz/Documents/Programing/Nordic/gcc-arm-none-eabi-10.3-2021.07/bin/../lib/gcc/arm-none-eabi/10.3.1/../../../../arm-none-eabi/lib/thumb/v7e-m+fp/hard/libc_nano.a(lib_a-memset.o)
                0x0000000000005f74                memset
 .text          0x0000000000005f84       0x10 /Users/stefantobiasiewicz/Documents/Programing/Nordic/gcc-arm-none-eabi-10.3-2021.07/bin/../lib/gcc/arm-none-eabi/10.3.1/../../../../arm-none-eabi/lib/thumb/v7e-m+fp/hard/libc_nano.a(lib_a-strlen.o)
                0x0000000000005f84                strlen
 .text._exit    0x0000000000005f94        0x4 /Users/stefantobiasiewicz/Documents/Programing/Nordic/gcc-arm-none-eabi-10.3-2021.07/bin/../lib/gcc/arm-none-eabi/10.3.1/../../../../arm-none-eabi/lib/thumb/v7e-m+fp/hard/libnosys.a(_exit.o)
                0x0000000000005f94                _exit
 *(.init)
 .init          0x0000000000005f98        0x4 /Users/stefantobiasiewicz/Documents/Programing/Nordic/gcc-arm-none-eabi-10.3-2021.07/bin/../lib/gcc/arm-none-eabi/10.3.1/thumb/v7e-m+fp/hard/crti.o
                0x0000000000005f98                _init
 .init          0x0000000000005f9c        0x8 /Users/stefantobiasiewicz/Documents/Programing/Nordic/gcc-arm-none-eabi-10.3-2021.07/bin/../lib/gcc/arm-none-eabi/10.3.1/thumb/v7e-m+fp/hard/crtn.o
 *(.fini)
 .fini          0x0000000000005fa4        0x4 /Users/stefantobiasiewicz/Documents/Programing/Nordic/gcc-arm-none-eabi-10.3-2021.07/bin/../lib/gcc/arm-none-eabi/10.3.1/thumb/v7e-m+fp/hard/crti.o
                0x0000000000005fa4                _fini
 .fini          0x0000000000005fa8        0x8 /Users/stefantobiasiewicz/Documents/Programing/Nordic/gcc-arm-none-eabi-10.3-2021.07/bin/../lib/gcc/arm-none-eabi/10.3.1/thumb/v7e-m+fp/hard/crtn.o
 *crtbegin.o(.ctors)
 *crtbegin?.o(.ctors)
 *(EXCLUDE_FILE(*crtend.o *crtend?.o) .ctors)
 *(SORT_BY_NAME(.ctors.*))
 *(.ctors)
 *crtbegin.o(.dtors)
 *crtbegin?.o(.dtors)
 *(EXCLUDE_FILE(*crtend.o *crtend?.o) .dtors)
 *(SORT_BY_NAME(.dtors.*))
 *(.dtors)
 *(.rodata*)
 .rodata        0x0000000000005fb0       0x20 _build/nrf52840_xxaa/nrf_log_backend_uart.c.o
 .rodata.nrf_log_backend_uart_api
                0x0000000000005fd0        0xc _build/nrf52840_xxaa/nrf_log_backend_uart.c.o
                0x0000000000005fd0                nrf_log_backend_uart_api
 .rodata.str1.4
                0x0000000000005fdc       0x11 _build/nrf52840_xxaa/nrf_log_default_backends.c.o
 *fill*         0x0000000000005fed        0x3 
 .rodata.nrf_log_frontend_dequeue.str1.4
                0x0000000000005ff0       0x11 _build/nrf52840_xxaa/nrf_log_frontend.c.o
 *fill*         0x0000000000006001        0x3 
 .rodata.str1.4
                0x0000000000006004        0x4 _build/nrf52840_xxaa/nrf_log_frontend.c.o
 .rodata.m_log_push_ringbuf
                0x0000000000006008        0xc _build/nrf52840_xxaa/nrf_log_frontend.c.o
 .rodata.prefix_process.str1.4
                0x0000000000006014       0x36 _build/nrf52840_xxaa/nrf_log_str_formatter.c.o
 *fill*         0x000000000000604a        0x2 
 .rodata.nrf_log_std_entry_process.str1.4
                0x000000000000604c        0x3 _build/nrf52840_xxaa/nrf_log_str_formatter.c.o
 *fill*         0x000000000000604f        0x1 
 .rodata.nrf_log_hexdump_entry_process.str1.4
                0x0000000000006050       0x13 _build/nrf52840_xxaa/nrf_log_str_formatter.c.o
                                         0x16 (size before relaxing)
 *fill*         0x0000000000006063        0x1 
 .rodata.str1.4
                0x0000000000006064       0x56 _build/nrf52840_xxaa/nrf_log_str_formatter.c.o
 *fill*         0x00000000000060ba        0x2 
 .rodata.m_colors
                0x00000000000060bc       0x24 _build/nrf52840_xxaa/nrf_log_str_formatter.c.o
 .rodata.severity_names
                0x00000000000060e0       0x14 _build/nrf52840_xxaa/nrf_log_str_formatter.c.o
 .rodata.app_error_fault_handler.str1.4
                0x00000000000060f4       0x19 _build/nrf52840_xxaa/app_error_weak.c.o
 *fill*         0x000000000000610d        0x3 
 .rodata._aV2C.0
                0x0000000000006110       0x10 _build/nrf52840_xxaa/nrf_fprintf_format.c.o
 .rodata.delay_machine_code.0
                0x0000000000006120        0x6 _build/nrf52840_xxaa/nrf_drv_twi.c.o
 *fill*         0x0000000000006126        0x2 
 .rodata.str1.4
                0x0000000000006128        0x4 _build/nrf52840_xxaa/nrfx_prs.c.o
 .rodata.str1.4
                0x000000000000612c        0x5 _build/nrf52840_xxaa/nrfx_twim.c.o
 *fill*         0x0000000000006131        0x3 
 .rodata.irq_handlers.0
                0x0000000000006134        0x8 _build/nrf52840_xxaa/nrfx_twim.c.o
 .rodata.str1.4
                0x000000000000613c        0x5 _build/nrf52840_xxaa/nrfx_uart.c.o
 *fill*         0x0000000000006141        0x3 
 .rodata.str1.4
                0x0000000000006144        0x6 _build/nrf52840_xxaa/nrfx_uarte.c.o
 *fill*         0x000000000000614a        0x2 
 .rodata.bme680_i2c_read.str1.4
                0x000000000000614c       0x78 _build/nrf52840_xxaa/main.c.o
 .rodata.bme680_i2c_write.str1.4
                0x00000000000061c4       0x53 _build/nrf52840_xxaa/main.c.o
 *fill*         0x0000000000006217        0x1 
 .rodata.bme68x_check_rslt.str1.4
                0x0000000000006218      0x16b _build/nrf52840_xxaa/main.c.o
 *fill*         0x0000000000006383        0x1 
 .rodata.bme680_init.str1.4
                0x0000000000006384       0x28 _build/nrf52840_xxaa/main.c.o
 .rodata.main.str1.4
                0x00000000000063ac      0x21e _build/nrf52840_xxaa/main.c.o
                                        0x222 (size before relaxing)
 *fill*         0x00000000000065ca        0x6 
 .rodata.delay_machine_code.0
                0x00000000000065d0        0x6 _build/nrf52840_xxaa/main.c.o
 *fill*         0x00000000000065d6        0x2 
 .rodata.m_twi  0x00000000000065d8       0x10 _build/nrf52840_xxaa/main.c.o
 .rodata.bme68x_set_conf.str1.4
                0x00000000000065e8        0x6 _build/nrf52840_xxaa/bme68x.c.o
 *fill*         0x00000000000065ee        0x2 
 .rodata        0x00000000000065f0       0x92 _build/nrf52840_xxaa/bme68x.c.o
 .rodata._ctype_
                0x0000000000006682      0x101 /Users/stefantobiasiewicz/Documents/Programing/Nordic/gcc-arm-none-eabi-10.3-2021.07/bin/../lib/gcc/arm-none-eabi/10.3.1/../../../../arm-none-eabi/lib/thumb/v7e-m+fp/hard/libc_nano.a(lib_a-ctype_.o)
                0x0000000000006682                _ctype_
 *fill*         0x0000000000006783        0x1 
 .rodata._global_impure_ptr
                0x0000000000006784        0x4 /Users/stefantobiasiewicz/Documents/Programing/Nordic/gcc-arm-none-eabi-10.3-2021.07/bin/../lib/gcc/arm-none-eabi/10.3.1/../../../../arm-none-eabi/lib/thumb/v7e-m+fp/hard/libc_nano.a(lib_a-impure.o)
                0x0000000000006784                _global_impure_ptr
 *(.eh_frame*)
 .eh_frame      0x0000000000006788        0x0 /Users/stefantobiasiewicz/Documents/Programing/Nordic/gcc-arm-none-eabi-10.3-2021.07/bin/../lib/gcc/arm-none-eabi/10.3.1/thumb/v7e-m+fp/hard/crtbegin.o
 .eh_frame      0x0000000000006788        0x4 /Users/stefantobiasiewicz/Documents/Programing/Nordic/gcc-arm-none-eabi-10.3-2021.07/bin/../lib/gcc/arm-none-eabi/10.3.1/thumb/v7e-m+fp/hard/crtend.o

.glue_7         0x000000000000678c        0x0
 .glue_7        0x000000000000678c        0x0 linker stubs

.glue_7t        0x000000000000678c        0x0
 .glue_7t       0x000000000000678c        0x0 linker stubs

.vfp11_veneer   0x000000000000678c        0x0
 .vfp11_veneer  0x000000000000678c        0x0 linker stubs

.v4_bx          0x000000000000678c        0x0
 .v4_bx         0x000000000000678c        0x0 linker stubs

.iplt           0x000000000000678c        0x0
 .iplt          0x000000000000678c        0x0 /Users/stefantobiasiewicz/Documents/Programing/Nordic/gcc-arm-none-eabi-10.3-2021.07/bin/../lib/gcc/arm-none-eabi/10.3.1/thumb/v7e-m+fp/hard/crtbegin.o

.mem_section_dummy_rom

.log_const_data
                0x000000000000678c       0x28
                0x000000000000678c                PROVIDE (__start_log_const_data = .)
 *(SORT_BY_NAME(.log_const_data*))
 .log_const_data_PRS
                0x000000000000678c        0x8 _build/nrf52840_xxaa/nrfx_prs.c.o
                0x000000000000678c                m_nrf_log_PRS_logs_data_const
 .log_const_data_TWIM
                0x0000000000006794        0x8 _build/nrf52840_xxaa/nrfx_twim.c.o
                0x0000000000006794                m_nrf_log_TWIM_logs_data_const
 .log_const_data_UART
                0x000000000000679c        0x8 _build/nrf52840_xxaa/nrfx_uart.c.o
                0x000000000000679c                m_nrf_log_UART_logs_data_const
 .log_const_data_UARTE
                0x00000000000067a4        0x8 _build/nrf52840_xxaa/nrfx_uarte.c.o
                0x00000000000067a4                m_nrf_log_UARTE_logs_data_const
 .log_const_data_app
                0x00000000000067ac        0x8 _build/nrf52840_xxaa/nrf_log_frontend.c.o
                0x00000000000067ac                m_nrf_log_app_logs_data_const
                0x00000000000067b4                PROVIDE (__stop_log_const_data = .)

.log_backends   0x00000000000067b4       0x10
                [!provide]                        PROVIDE (__start_log_backends = .)
 *(SORT_BY_NAME(.log_backends*))
 .log_backends  0x00000000000067b4       0x10 _build/nrf52840_xxaa/nrf_log_default_backends.c.o
                [!provide]                        PROVIDE (__stop_log_backends = .)

.nrf_balloc     0x00000000000067c4       0x14
                [!provide]                        PROVIDE (__start_nrf_balloc = .)
 *(.nrf_balloc)
 .nrf_balloc    0x00000000000067c4       0x14 _build/nrf52840_xxaa/nrf_log_frontend.c.o
                0x00000000000067c4                log_mempool
                [!provide]                        PROVIDE (__stop_nrf_balloc = .)

.ARM.extab
 *(.ARM.extab* .gnu.linkonce.armextab.*)
                0x00000000000067d8                __exidx_start = .

.ARM.exidx      0x00000000000067d8        0x8
 *(.ARM.exidx* .gnu.linkonce.armexidx.*)
 .ARM.exidx     0x00000000000067d8        0x8 /Users/stefantobiasiewicz/Documents/Programing/Nordic/gcc-arm-none-eabi-10.3-2021.07/bin/../lib/gcc/arm-none-eabi/10.3.1/../../../../arm-none-eabi/lib/thumb/v7e-m+fp/hard/crt0.o
                                         0x10 (size before relaxing)
                0x00000000000067e0                __exidx_end = .
                0x00000000000067e0                __etext = .

.rel.dyn        0x00000000000067e0        0x0
 .rel.iplt      0x00000000000067e0        0x0 /Users/stefantobiasiewicz/Documents/Programing/Nordic/gcc-arm-none-eabi-10.3-2021.07/bin/../lib/gcc/arm-none-eabi/10.3.1/thumb/v7e-m+fp/hard/crtbegin.o

.data           0x0000000020000000       0x8c load address 0x00000000000067e0
                0x0000000020000000                __data_start__ = .
 *(vtable)
 *(.data*)
 .data.m_uart   0x0000000020000000       0x14 _build/nrf52840_xxaa/nrf_log_backend_uart.c.o
                0x0000000020000000                m_uart
 .data.log_backend_cb_uart_log_backend
                0x0000000020000014        0x8 _build/nrf52840_xxaa/nrf_log_default_backends.c.o
 .data.addres   0x000000002000001c        0x1 _build/nrf52840_xxaa/main.c.o
 *fill*         0x000000002000001d        0x3 
 .data.SystemCoreClock
                0x0000000020000020        0x4 _build/nrf52840_xxaa/system_nrf52840.c.o
                0x0000000020000020                SystemCoreClock
 .data.impure_data
                0x0000000020000024       0x60 /Users/stefantobiasiewicz/Documents/Programing/Nordic/gcc-arm-none-eabi-10.3-2021.07/bin/../lib/gcc/arm-none-eabi/10.3.1/../../../../arm-none-eabi/lib/thumb/v7e-m+fp/hard/libc_nano.a(lib_a-impure.o)
                0x0000000020000084                . = ALIGN (0x4)
                0x0000000020000084                PROVIDE (__preinit_array_start = .)
 *(.preinit_array)
                0x0000000020000084                PROVIDE (__preinit_array_end = .)
                0x0000000020000084                . = ALIGN (0x4)
                0x0000000020000084                PROVIDE (__init_array_start = .)
 *(SORT_BY_NAME(.init_array.*))
 *(.init_array)
 .init_array    0x0000000020000084        0x4 /Users/stefantobiasiewicz/Documents/Programing/Nordic/gcc-arm-none-eabi-10.3-2021.07/bin/../lib/gcc/arm-none-eabi/10.3.1/thumb/v7e-m+fp/hard/crtbegin.o
                0x0000000020000088                PROVIDE (__init_array_end = .)
                0x0000000020000088                . = ALIGN (0x4)
                [!provide]                        PROVIDE (__fini_array_start = .)
 *(SORT_BY_NAME(.fini_array.*))
 *(.fini_array)
 .fini_array    0x0000000020000088        0x4 /Users/stefantobiasiewicz/Documents/Programing/Nordic/gcc-arm-none-eabi-10.3-2021.07/bin/../lib/gcc/arm-none-eabi/10.3.1/thumb/v7e-m+fp/hard/crtbegin.o
                [!provide]                        PROVIDE (__fini_array_end = .)
 *(.jcr*)
                0x000000002000008c                . = ALIGN (0x4)
                0x000000002000008c                __data_end__ = .
LOAD /Users/stefantobiasiewicz/Documents/Programing/Nordic/gcc-arm-none-eabi-10.3-2021.07/bin/../lib/gcc/arm-none-eabi/10.3.1/thumb/v7e-m+fp/hard/crti.o
LOAD /Users/stefantobiasiewicz/Documents/Programing/Nordic/gcc-arm-none-eabi-10.3-2021.07/bin/../lib/gcc/arm-none-eabi/10.3.1/thumb/v7e-m+fp/hard/crtbegin.o
LOAD /Users/stefantobiasiewicz/Documents/Programing/Nordic/gcc-arm-none-eabi-10.3-2021.07/bin/../lib/gcc/arm-none-eabi/10.3.1/../../../../arm-none-eabi/lib/thumb/v7e-m+fp/hard/crt0.o
LOAD _build/nrf52840_xxaa/gcc_startup_nrf52840.S.o
LOAD _build/nrf52840_xxaa/nrf_log_backend_rtt.c.o
LOAD _build/nrf52840_xxaa/nrf_log_backend_serial.c.o
LOAD _build/nrf52840_xxaa/nrf_log_backend_uart.c.o
LOAD _build/nrf52840_xxaa/nrf_log_default_backends.c.o
LOAD _build/nrf52840_xxaa/nrf_log_frontend.c.o
LOAD _build/nrf52840_xxaa/nrf_log_str_formatter.c.o
LOAD _build/nrf52840_xxaa/boards.c.o
LOAD _build/nrf52840_xxaa/app_error.c.o
LOAD _build/nrf52840_xxaa/app_error_handler_gcc.c.o
LOAD _build/nrf52840_xxaa/app_error_weak.c.o
LOAD _build/nrf52840_xxaa/app_util_platform.c.o
LOAD _build/nrf52840_xxaa/nrf_assert.c.o
LOAD _build/nrf52840_xxaa/nrf_atomic.c.o
LOAD _build/nrf52840_xxaa/nrf_balloc.c.o
LOAD _build/nrf52840_xxaa/nrf_fprintf.c.o
LOAD _build/nrf52840_xxaa/nrf_fprintf_format.c.o
LOAD _build/nrf52840_xxaa/nrf_memobj.c.o
LOAD _build/nrf52840_xxaa/nrf_ringbuf.c.o
LOAD _build/nrf52840_xxaa/nrf_strerror.c.o
LOAD _build/nrf52840_xxaa/nrf_drv_twi.c.o
LOAD _build/nrf52840_xxaa/nrf_drv_uart.c.o
LOAD _build/nrf52840_xxaa/nrfx_atomic.c.o
LOAD _build/nrf52840_xxaa/nrfx_prs.c.o
LOAD _build/nrf52840_xxaa/nrfx_twi.c.o
LOAD _build/nrf52840_xxaa/nrfx_twim.c.o
LOAD _build/nrf52840_xxaa/nrfx_uart.c.o
LOAD _build/nrf52840_xxaa/nrfx_uarte.c.o
LOAD _build/nrf52840_xxaa/main.c.o
LOAD _build/nrf52840_xxaa/bme68x.c.o
LOAD _build/nrf52840_xxaa/SEGGER_RTT.c.o
LOAD _build/nrf52840_xxaa/SEGGER_RTT_Syscalls_GCC.c.o
LOAD _build/nrf52840_xxaa/SEGGER_RTT_printf.c.o
LOAD _build/nrf52840_xxaa/system_nrf52840.c.o
LOAD /Users/stefantobiasiewicz/Documents/Programing/Nordic/gcc-arm-none-eabi-10.3-2021.07/bin/../lib/gcc/arm-none-eabi/10.3.1/../../../../arm-none-eabi/lib/thumb/v7e-m+fp/hard/libc_nano.a
LOAD /Users/stefantobiasiewicz/Documents/Programing/Nordic/gcc-arm-none-eabi-10.3-2021.07/bin/../lib/gcc/arm-none-eabi/10.3.1/../../../../arm-none-eabi/lib/thumb/v7e-m+fp/hard/libnosys.a
LOAD /Users/stefantobiasiewicz/Documents/Programing/Nordic/gcc-arm-none-eabi-10.3-2021.07/bin/../lib/gcc/arm-none-eabi/10.3.1/../../../../arm-none-eabi/lib/thumb/v7e-m+fp/hard/libm.a
LOAD /Users/stefantobiasiewicz/Documents/Programing/Nordic/gcc-arm-none-eabi-10.3-2021.07/bin/../lib/gcc/arm-none-eabi/10.3.1/../../../../arm-none-eabi/lib/thumb/v7e-m+fp/hard/libstdc++_nano.a
START GROUP
LOAD /Users/stefantobiasiewicz/Documents/Programing/Nordic/gcc-arm-none-eabi-10.3-2021.07/bin/../lib/gcc/arm-none-eabi/10.3.1/thumb/v7e-m+fp/hard/libgcc.a
LOAD /Users/stefantobiasiewicz/Documents/Programing/Nordic/gcc-arm-none-eabi-10.3-2021.07/bin/../lib/gcc/arm-none-eabi/10.3.1/../../../../arm-none-eabi/lib/thumb/v7e-m+fp/hard/libg_nano.a
LOAD /Users/stefantobiasiewicz/Documents/Programing/Nordic/gcc-arm-none-eabi-10.3-2021.07/bin/../lib/gcc/arm-none-eabi/10.3.1/../../../../arm-none-eabi/lib/thumb/v7e-m+fp/hard/libc_nano.a
END GROUP
START GROUP
LOAD /Users/stefantobiasiewicz/Documents/Programing/Nordic/gcc-arm-none-eabi-10.3-2021.07/bin/../lib/gcc/arm-none-eabi/10.3.1/thumb/v7e-m+fp/hard/libgcc.a
LOAD /Users/stefantobiasiewicz/Documents/Programing/Nordic/gcc-arm-none-eabi-10.3-2021.07/bin/../lib/gcc/arm-none-eabi/10.3.1/../../../../arm-none-eabi/lib/thumb/v7e-m+fp/hard/libc_nano.a
END GROUP
LOAD /Users/stefantobiasiewicz/Documents/Programing/Nordic/gcc-arm-none-eabi-10.3-2021.07/bin/../lib/gcc/arm-none-eabi/10.3.1/thumb/v7e-m+fp/hard/crtend.o
LOAD /Users/stefantobiasiewicz/Documents/Programing/Nordic/gcc-arm-none-eabi-10.3-2021.07/bin/../lib/gcc/arm-none-eabi/10.3.1/thumb/v7e-m+fp/hard/crtn.o
START GROUP
LOAD /Users/stefantobiasiewicz/Documents/Programing/Nordic/gcc-arm-none-eabi-10.3-2021.07/bin/../lib/gcc/arm-none-eabi/10.3.1/thumb/v7e-m+fp/hard/libgcc.a
LOAD /Users/stefantobiasiewicz/Documents/Programing/Nordic/gcc-arm-none-eabi-10.3-2021.07/bin/../lib/gcc/arm-none-eabi/10.3.1/../../../../arm-none-eabi/lib/thumb/v7e-m+fp/hard/libc.a
LOAD /Users/stefantobiasiewicz/Documents/Programing/Nordic/gcc-arm-none-eabi-10.3-2021.07/bin/../lib/gcc/arm-none-eabi/10.3.1/../../../../arm-none-eabi/lib/thumb/v7e-m+fp/hard/libnosys.a
END GROUP

.igot.plt       0x000000002000008c        0x0 load address 0x000000000000686c
 .igot.plt      0x000000002000008c        0x0 /Users/stefantobiasiewicz/Documents/Programing/Nordic/gcc-arm-none-eabi-10.3-2021.07/bin/../lib/gcc/arm-none-eabi/10.3.1/thumb/v7e-m+fp/hard/crtbegin.o
                0x000000002000008c                . = ALIGN (0x4)

.mem_section_dummy_ram

.log_dynamic_data
                0x000000002000008c        0x0
                0x000000002000008c                PROVIDE (__start_log_dynamic_data = .)
 *(SORT_BY_NAME(.log_dynamic_data*))
                [!provide]                        PROVIDE (__stop_log_dynamic_data = .)

.log_filter_data
                0x000000002000008c        0x0
                [!provide]                        PROVIDE (__start_log_filter_data = .)
 *(SORT_BY_NAME(.log_filter_data*))
                [!provide]                        PROVIDE (__stop_log_filter_data = .)

.bss            0x0000000020000090      0x760 load address 0x0000000000006870
                0x0000000020000090                . = ALIGN (0x4)
                0x0000000020000090                __bss_start__ = .
 *(.bss*)
 .bss           0x0000000020000090       0x1c /Users/stefantobiasiewicz/Documents/Programing/Nordic/gcc-arm-none-eabi-10.3-2021.07/bin/../lib/gcc/arm-none-eabi/10.3.1/thumb/v7e-m+fp/hard/crtbegin.o
 .bss.m_async_mode
                0x00000000200000ac        0x1 _build/nrf52840_xxaa/nrf_log_backend_uart.c.o
 *fill*         0x00000000200000ad        0x3 
 .bss.m_string_buff
                0x00000000200000b0       0x40 _build/nrf52840_xxaa/nrf_log_backend_uart.c.o
 .bss.m_xfer_done
                0x00000000200000f0        0x1 _build/nrf52840_xxaa/nrf_log_backend_uart.c.o
 *fill*         0x00000000200000f1        0x3 
 .bss.log_mempool_nrf_balloc_cb
                0x00000000200000f4        0x8 _build/nrf52840_xxaa/nrf_log_frontend.c.o
 .bss.log_mempool_nrf_balloc_pool_mem
                0x00000000200000fc       0xc0 _build/nrf52840_xxaa/nrf_log_frontend.c.o
 .bss.log_mempool_nrf_balloc_pool_stack
                0x00000000200001bc        0x8 _build/nrf52840_xxaa/nrf_log_frontend.c.o
 .bss.m_log_data
                0x00000000200001c4      0x424 _build/nrf52840_xxaa/nrf_log_frontend.c.o
 .bss.m_log_push_ringbuf_buf
                0x00000000200005e8       0x80 _build/nrf52840_xxaa/nrf_log_frontend.c.o
 .bss.m_log_push_ringbuf_cb
                0x0000000020000668       0x18 _build/nrf52840_xxaa/nrf_log_frontend.c.o
 .bss.m_in_critical_region
                0x0000000020000680        0x4 _build/nrf52840_xxaa/app_util_platform.c.o
 .bss.m_contexts
                0x0000000020000684        0x8 _build/nrf52840_xxaa/nrf_drv_twi.c.o
 .bss.m_handlers
                0x000000002000068c        0x8 _build/nrf52840_xxaa/nrf_drv_twi.c.o
 .bss.m_contexts
                0x0000000020000694        0x8 _build/nrf52840_xxaa/nrf_drv_uart.c.o
 .bss.m_handlers
                0x000000002000069c        0x8 _build/nrf52840_xxaa/nrf_drv_uart.c.o
 .bss.nrf_drv_uart_use_easy_dma
                0x00000000200006a4        0x2 _build/nrf52840_xxaa/nrf_drv_uart.c.o
                0x00000000200006a4                nrf_drv_uart_use_easy_dma
 *fill*         0x00000000200006a6        0x2 
 .bss.m_prs_box_4
                0x00000000200006a8        0x8 _build/nrf52840_xxaa/nrfx_prs.c.o
 .bss.m_cb      0x00000000200006b0       0x68 _build/nrf52840_xxaa/nrfx_twim.c.o
 .bss.m_cb      0x0000000020000718       0x2c _build/nrf52840_xxaa/nrfx_uart.c.o
 *fill*         0x0000000020000744        0x4 
 .bss.m_cb      0x0000000020000748       0x24 _build/nrf52840_xxaa/nrfx_uarte.c.o
 .bss.bme       0x000000002000076c       0x50 _build/nrf52840_xxaa/main.c.o
 .bss.bme_conf  0x00000000200007bc        0x5 _build/nrf52840_xxaa/main.c.o
 *fill*         0x00000000200007c1        0x3 
 .bss.bme_data  0x00000000200007c4       0x18 _build/nrf52840_xxaa/main.c.o
 .bss.bme_heatr_conf
                0x00000000200007dc       0x14 _build/nrf52840_xxaa/main.c.o
 *(COMMON)
                0x00000000200007f0                . = ALIGN (0x4)
                0x00000000200007f0                __bss_end__ = .

.heap           0x00000000200007f0     0x2000
                0x00000000200007f0                __HeapBase = .
                0x00000000200007f0                __end__ = .
                [!provide]                        PROVIDE (end = .)
 *(.heap*)
 .heap          0x00000000200007f0     0x2000 _build/nrf52840_xxaa/gcc_startup_nrf52840.S.o
                0x00000000200027f0                __HeapLimit = .

.stack_dummy    0x00000000200007f0     0x2000
 *(.stack*)
 .stack         0x00000000200007f0     0x2000 _build/nrf52840_xxaa/gcc_startup_nrf52840.S.o
                0x0000000020040000                __StackTop = (ORIGIN (RAM) + LENGTH (RAM))
                0x000000002003e000                __StackLimit = (__StackTop - SIZEOF (.stack_dummy))
                0x0000000020040000                PROVIDE (__stack = __StackTop)
                0x0000000000000001                ASSERT ((__StackLimit >= __HeapLimit), region RAM overflowed with stack)
                0x0000000000000090                DataInitFlashUsed = (__bss_start__ - __data_start__)
                0x00000000000067e0                CodeFlashUsed = (__etext - ORIGIN (FLASH))
                0x0000000000006870                TotalFlashUsed = (CodeFlashUsed + DataInitFlashUsed)
                0x0000000000000001                ASSERT ((TotalFlashUsed <= LENGTH (FLASH)), region FLASH overflowed with .data and user data)
OUTPUT(_build/nrf52840_xxaa.out elf32-littlearm)
LOAD linker stubs

.ARM.attributes
                0x0000000000000000       0x30
 .ARM.attributes
                0x0000000000000000       0x1e /Users/stefantobiasiewicz/Documents/Programing/Nordic/gcc-arm-none-eabi-10.3-2021.07/bin/../lib/gcc/arm-none-eabi/10.3.1/thumb/v7e-m+fp/hard/crti.o
 .ARM.attributes
                0x000000000000001e       0x34 /Users/stefantobiasiewicz/Documents/Programing/Nordic/gcc-arm-none-eabi-10.3-2021.07/bin/../lib/gcc/arm-none-eabi/10.3.1/thumb/v7e-m+fp/hard/crtbegin.o
 .ARM.attributes
                0x0000000000000052       0x1c /Users/stefantobiasiewicz/Documents/Programing/Nordic/gcc-arm-none-eabi-10.3-2021.07/bin/../lib/gcc/arm-none-eabi/10.3.1/../../../../arm-none-eabi/lib/thumb/v7e-m+fp/hard/crt0.o
 .ARM.attributes
                0x000000000000006e       0x20 _build/nrf52840_xxaa/gcc_startup_nrf52840.S.o
 .ARM.attributes
                0x000000000000008e       0x34 _build/nrf52840_xxaa/nrf_log_backend_serial.c.o
 .ARM.attributes
                0x00000000000000c2       0x34 _build/nrf52840_xxaa/nrf_log_backend_uart.c.o
 .ARM.attributes
                0x00000000000000f6       0x34 _build/nrf52840_xxaa/nrf_log_default_backends.c.o
 .ARM.attributes
                0x000000000000012a       0x34 _build/nrf52840_xxaa/nrf_log_frontend.c.o
 .ARM.attributes
                0x000000000000015e       0x34 _build/nrf52840_xxaa/nrf_log_str_formatter.c.o
 .ARM.attributes
                0x0000000000000192       0x34 _build/nrf52840_xxaa/app_error.c.o
 .ARM.attributes
                0x00000000000001c6       0x34 _build/nrf52840_xxaa/app_error_weak.c.o
 .ARM.attributes
                0x00000000000001fa       0x34 _build/nrf52840_xxaa/app_util_platform.c.o
 .ARM.attributes
                0x000000000000022e       0x34 _build/nrf52840_xxaa/nrf_atomic.c.o
 .ARM.attributes
                0x0000000000000262       0x34 _build/nrf52840_xxaa/nrf_balloc.c.o
 .ARM.attributes
                0x0000000000000296       0x34 _build/nrf52840_xxaa/nrf_fprintf.c.o
 .ARM.attributes
                0x00000000000002ca       0x34 _build/nrf52840_xxaa/nrf_fprintf_format.c.o
 .ARM.attributes
                0x00000000000002fe       0x34 _build/nrf52840_xxaa/nrf_memobj.c.o
 .ARM.attributes
                0x0000000000000332       0x34 _build/nrf52840_xxaa/nrf_ringbuf.c.o
 .ARM.attributes
                0x0000000000000366       0x34 _build/nrf52840_xxaa/nrf_drv_twi.c.o
 .ARM.attributes
                0x000000000000039a       0x34 _build/nrf52840_xxaa/nrf_drv_uart.c.o
 .ARM.attributes
                0x00000000000003ce       0x34 _build/nrf52840_xxaa/nrfx_prs.c.o
 .ARM.attributes
                0x0000000000000402       0x34 _build/nrf52840_xxaa/nrfx_twim.c.o
 .ARM.attributes
                0x0000000000000436       0x34 _build/nrf52840_xxaa/nrfx_uart.c.o
 .ARM.attributes
                0x000000000000046a       0x34 _build/nrf52840_xxaa/nrfx_uarte.c.o
 .ARM.attributes
                0x000000000000049e       0x34 _build/nrf52840_xxaa/main.c.o
 .ARM.attributes
                0x00000000000004d2       0x34 _build/nrf52840_xxaa/bme68x.c.o
 .ARM.attributes
                0x0000000000000506       0x34 _build/nrf52840_xxaa/system_nrf52840.c.o
 .ARM.attributes
                0x000000000000053a       0x32 /Users/stefantobiasiewicz/Documents/Programing/Nordic/gcc-arm-none-eabi-10.3-2021.07/bin/../lib/gcc/arm-none-eabi/10.3.1/../../../../arm-none-eabi/lib/thumb/v7e-m+fp/hard/libc_nano.a(lib_a-ctype_.o)
 .ARM.attributes
                0x000000000000056c       0x34 /Users/stefantobiasiewicz/Documents/Programing/Nordic/gcc-arm-none-eabi-10.3-2021.07/bin/../lib/gcc/arm-none-eabi/10.3.1/../../../../arm-none-eabi/lib/thumb/v7e-m+fp/hard/libc_nano.a(lib_a-exit.o)
 .ARM.attributes
                0x00000000000005a0       0x32 /Users/stefantobiasiewicz/Documents/Programing/Nordic/gcc-arm-none-eabi-10.3-2021.07/bin/../lib/gcc/arm-none-eabi/10.3.1/../../../../arm-none-eabi/lib/thumb/v7e-m+fp/hard/libc_nano.a(lib_a-impure.o)
 .ARM.attributes
                0x00000000000005d2       0x34 /Users/stefantobiasiewicz/Documents/Programing/Nordic/gcc-arm-none-eabi-10.3-2021.07/bin/../lib/gcc/arm-none-eabi/10.3.1/../../../../arm-none-eabi/lib/thumb/v7e-m+fp/hard/libc_nano.a(lib_a-init.o)
 .ARM.attributes
                0x0000000000000606       0x34 /Users/stefantobiasiewicz/Documents/Programing/Nordic/gcc-arm-none-eabi-10.3-2021.07/bin/../lib/gcc/arm-none-eabi/10.3.1/../../../../arm-none-eabi/lib/thumb/v7e-m+fp/hard/libc_nano.a(lib_a-memcpy-stub.o)
 .ARM.attributes
                0x000000000000063a       0x34 /Users/stefantobiasiewicz/Documents/Programing/Nordic/gcc-arm-none-eabi-10.3-2021.07/bin/../lib/gcc/arm-none-eabi/10.3.1/../../../../arm-none-eabi/lib/thumb/v7e-m+fp/hard/libc_nano.a(lib_a-memset.o)
 .ARM.attributes
                0x000000000000066e       0x17 /Users/stefantobiasiewicz/Documents/Programing/Nordic/gcc-arm-none-eabi-10.3-2021.07/bin/../lib/gcc/arm-none-eabi/10.3.1/../../../../arm-none-eabi/lib/thumb/v7e-m+fp/hard/libc_nano.a(lib_a-strlen.o)
 .ARM.attributes
                0x0000000000000685       0x34 /Users/stefantobiasiewicz/Documents/Programing/Nordic/gcc-arm-none-eabi-10.3-2021.07/bin/../lib/gcc/arm-none-eabi/10.3.1/../../../../arm-none-eabi/lib/thumb/v7e-m+fp/hard/libnosys.a(_exit.o)
 .ARM.attributes
                0x00000000000006b9       0x32 /Users/stefantobiasiewicz/Documents/Programing/Nordic/gcc-arm-none-eabi-10.3-2021.07/bin/../lib/gcc/arm-none-eabi/10.3.1/thumb/v7e-m+fp/hard/crtend.o
 .ARM.attributes
                0x00000000000006eb       0x1e /Users/stefantobiasiewicz/Documents/Programing/Nordic/gcc-arm-none-eabi-10.3-2021.07/bin/../lib/gcc/arm-none-eabi/10.3.1/thumb/v7e-m+fp/hard/crtn.o

.comment        0x0000000000000000       0x49
 .comment       0x0000000000000000       0x49 _build/nrf52840_xxaa/nrf_log_backend_serial.c.o
                                         0x4a (size before relaxing)
 .comment       0x0000000000000049       0x4a _build/nrf52840_xxaa/nrf_log_backend_uart.c.o
 .comment       0x0000000000000049       0x4a _build/nrf52840_xxaa/nrf_log_default_backends.c.o
 .comment       0x0000000000000049       0x4a _build/nrf52840_xxaa/nrf_log_frontend.c.o
 .comment       0x0000000000000049       0x4a _build/nrf52840_xxaa/nrf_log_str_formatter.c.o
 .comment       0x0000000000000049       0x4a _build/nrf52840_xxaa/app_error.c.o
 .comment       0x0000000000000049       0x4a _build/nrf52840_xxaa/app_error_weak.c.o
 .comment       0x0000000000000049       0x4a _build/nrf52840_xxaa/app_util_platform.c.o
 .comment       0x0000000000000049       0x4a _build/nrf52840_xxaa/nrf_atomic.c.o
 .comment       0x0000000000000049       0x4a _build/nrf52840_xxaa/nrf_balloc.c.o
 .comment       0x0000000000000049       0x4a _build/nrf52840_xxaa/nrf_fprintf.c.o
 .comment       0x0000000000000049       0x4a _build/nrf52840_xxaa/nrf_fprintf_format.c.o
 .comment       0x0000000000000049       0x4a _build/nrf52840_xxaa/nrf_memobj.c.o
 .comment       0x0000000000000049       0x4a _build/nrf52840_xxaa/nrf_ringbuf.c.o
 .comment       0x0000000000000049       0x4a _build/nrf52840_xxaa/nrf_drv_twi.c.o
 .comment       0x0000000000000049       0x4a _build/nrf52840_xxaa/nrf_drv_uart.c.o
 .comment       0x0000000000000049       0x4a _build/nrf52840_xxaa/nrfx_prs.c.o
 .comment       0x0000000000000049       0x4a _build/nrf52840_xxaa/nrfx_twim.c.o
 .comment       0x0000000000000049       0x4a _build/nrf52840_xxaa/nrfx_uart.c.o
 .comment       0x0000000000000049       0x4a _build/nrf52840_xxaa/nrfx_uarte.c.o
 .comment       0x0000000000000049       0x4a _build/nrf52840_xxaa/main.c.o
 .comment       0x0000000000000049       0x4a _build/nrf52840_xxaa/bme68x.c.o
 .comment       0x0000000000000049       0x4a _build/nrf52840_xxaa/system_nrf52840.c.o

.debug_line     0x0000000000000000    0x1851d
 .debug_line    0x0000000000000000       0x89 _build/nrf52840_xxaa/gcc_startup_nrf52840.S.o
 .debug_line    0x0000000000000089      0x934 _build/nrf52840_xxaa/nrf_log_backend_serial.c.o
 .debug_line    0x00000000000009bd      0xc45 _build/nrf52840_xxaa/nrf_log_backend_uart.c.o
 .debug_line    0x0000000000001602      0x813 _build/nrf52840_xxaa/nrf_log_default_backends.c.o
 .debug_line    0x0000000000001e15     0x2139 _build/nrf52840_xxaa/nrf_log_frontend.c.o
 .debug_line    0x0000000000003f4e      0xa78 _build/nrf52840_xxaa/nrf_log_str_formatter.c.o
 .debug_line    0x00000000000049c6      0x645 _build/nrf52840_xxaa/app_error.c.o
 .debug_line    0x000000000000500b      0x8fb _build/nrf52840_xxaa/app_error_weak.c.o
 .debug_line    0x0000000000005906      0x705 _build/nrf52840_xxaa/app_util_platform.c.o
 .debug_line    0x000000000000600b      0x94a _build/nrf52840_xxaa/nrf_atomic.c.o
 .debug_line    0x0000000000006955      0x970 _build/nrf52840_xxaa/nrf_balloc.c.o
 .debug_line    0x00000000000072c5      0x618 _build/nrf52840_xxaa/nrf_fprintf.c.o
 .debug_line    0x00000000000078dd     0x1074 _build/nrf52840_xxaa/nrf_fprintf_format.c.o
 .debug_line    0x0000000000008951      0xc0f _build/nrf52840_xxaa/nrf_memobj.c.o
 .debug_line    0x0000000000009560      0xa5c _build/nrf52840_xxaa/nrf_ringbuf.c.o
 .debug_line    0x0000000000009fbc      0xc0f _build/nrf52840_xxaa/nrf_drv_twi.c.o
 .debug_line    0x000000000000abcb      0x8ca _build/nrf52840_xxaa/nrf_drv_uart.c.o
 .debug_line    0x000000000000b495      0x9c2 _build/nrf52840_xxaa/nrfx_prs.c.o
 .debug_line    0x000000000000be57     0x2956 _build/nrf52840_xxaa/nrfx_twim.c.o
 .debug_line    0x000000000000e7ad     0x1f4f _build/nrf52840_xxaa/nrfx_uart.c.o
 .debug_line    0x00000000000106fc     0x1df1 _build/nrf52840_xxaa/nrfx_uarte.c.o
 .debug_line    0x00000000000124ed     0x1562 _build/nrf52840_xxaa/main.c.o
 .debug_line    0x0000000000013a4f     0x43bb _build/nrf52840_xxaa/bme68x.c.o
 .debug_line    0x0000000000017e0a      0x713 _build/nrf52840_xxaa/system_nrf52840.c.o

.debug_info     0x0000000000000000    0x1fb73
 .debug_info    0x0000000000000000       0x26 _build/nrf52840_xxaa/gcc_startup_nrf52840.S.o
 .debug_info    0x0000000000000026      0x7ce _build/nrf52840_xxaa/nrf_log_backend_serial.c.o
 .debug_info    0x00000000000007f4     0x11ee _build/nrf52840_xxaa/nrf_log_backend_uart.c.o
 .debug_info    0x00000000000019e2      0x303 _build/nrf52840_xxaa/nrf_log_default_backends.c.o
 .debug_info    0x0000000000001ce5     0x348f _build/nrf52840_xxaa/nrf_log_frontend.c.o
 .debug_info    0x0000000000005174      0x865 _build/nrf52840_xxaa/nrf_log_str_formatter.c.o
 .debug_info    0x00000000000059d9      0x2db _build/nrf52840_xxaa/app_error.c.o
 .debug_info    0x0000000000005cb4      0x4d9 _build/nrf52840_xxaa/app_error_weak.c.o
 .debug_info    0x000000000000618d      0x826 _build/nrf52840_xxaa/app_util_platform.c.o
 .debug_info    0x00000000000069b3      0xae3 _build/nrf52840_xxaa/nrf_atomic.c.o
 .debug_info    0x0000000000007496      0x3da _build/nrf52840_xxaa/nrf_balloc.c.o
 .debug_info    0x0000000000007870      0x24b _build/nrf52840_xxaa/nrf_fprintf.c.o
 .debug_info    0x0000000000007abb      0xc73 _build/nrf52840_xxaa/nrf_fprintf_format.c.o
 .debug_info    0x000000000000872e      0xb78 _build/nrf52840_xxaa/nrf_memobj.c.o
 .debug_info    0x00000000000092a6      0x638 _build/nrf52840_xxaa/nrf_ringbuf.c.o
 .debug_info    0x00000000000098de     0x175c _build/nrf52840_xxaa/nrf_drv_twi.c.o
 .debug_info    0x000000000000b03a     0x11eb _build/nrf52840_xxaa/nrf_drv_uart.c.o
 .debug_info    0x000000000000c225      0x801 _build/nrf52840_xxaa/nrfx_prs.c.o
 .debug_info    0x000000000000ca26     0x42b6 _build/nrf52840_xxaa/nrfx_twim.c.o
 .debug_info    0x0000000000010cdc     0x3912 _build/nrf52840_xxaa/nrfx_uart.c.o
 .debug_info    0x00000000000145ee     0x37f7 _build/nrf52840_xxaa/nrfx_uarte.c.o
 .debug_info    0x0000000000017de5     0x20ed _build/nrf52840_xxaa/main.c.o
 .debug_info    0x0000000000019ed2     0x47ad _build/nrf52840_xxaa/bme68x.c.o
 .debug_info    0x000000000001e67f     0x14f4 _build/nrf52840_xxaa/system_nrf52840.c.o

.debug_abbrev   0x0000000000000000     0x41e5
 .debug_abbrev  0x0000000000000000       0x14 _build/nrf52840_xxaa/gcc_startup_nrf52840.S.o
 .debug_abbrev  0x0000000000000014      0x202 _build/nrf52840_xxaa/nrf_log_backend_serial.c.o
 .debug_abbrev  0x0000000000000216      0x38d _build/nrf52840_xxaa/nrf_log_backend_uart.c.o
 .debug_abbrev  0x00000000000005a3      0x190 _build/nrf52840_xxaa/nrf_log_default_backends.c.o
 .debug_abbrev  0x0000000000000733      0x5b4 _build/nrf52840_xxaa/nrf_log_frontend.c.o
 .debug_abbrev  0x0000000000000ce7      0x21a _build/nrf52840_xxaa/nrf_log_str_formatter.c.o
 .debug_abbrev  0x0000000000000f01      0x13b _build/nrf52840_xxaa/app_error.c.o
 .debug_abbrev  0x000000000000103c      0x204 _build/nrf52840_xxaa/app_error_weak.c.o
 .debug_abbrev  0x0000000000001240      0x265 _build/nrf52840_xxaa/app_util_platform.c.o
 .debug_abbrev  0x00000000000014a5      0x205 _build/nrf52840_xxaa/nrf_atomic.c.o
 .debug_abbrev  0x00000000000016aa      0x1f7 _build/nrf52840_xxaa/nrf_balloc.c.o
 .debug_abbrev  0x00000000000018a1      0x143 _build/nrf52840_xxaa/nrf_fprintf.c.o
 .debug_abbrev  0x00000000000019e4      0x2d2 _build/nrf52840_xxaa/nrf_fprintf_format.c.o
 .debug_abbrev  0x0000000000001cb6      0x285 _build/nrf52840_xxaa/nrf_memobj.c.o
 .debug_abbrev  0x0000000000001f3b      0x166 _build/nrf52840_xxaa/nrf_ringbuf.c.o
 .debug_abbrev  0x00000000000020a1      0x3b3 _build/nrf52840_xxaa/nrf_drv_twi.c.o
 .debug_abbrev  0x0000000000002454      0x22a _build/nrf52840_xxaa/nrf_drv_uart.c.o
 .debug_abbrev  0x000000000000267e      0x27b _build/nrf52840_xxaa/nrfx_prs.c.o
 .debug_abbrev  0x00000000000028f9      0x4c8 _build/nrf52840_xxaa/nrfx_twim.c.o
 .debug_abbrev  0x0000000000002dc1      0x4cb _build/nrf52840_xxaa/nrfx_uart.c.o
 .debug_abbrev  0x000000000000328c      0x48e _build/nrf52840_xxaa/nrfx_uarte.c.o
 .debug_abbrev  0x000000000000371a      0x4ad _build/nrf52840_xxaa/main.c.o
 .debug_abbrev  0x0000000000003bc7      0x402 _build/nrf52840_xxaa/bme68x.c.o
 .debug_abbrev  0x0000000000003fc9      0x21c _build/nrf52840_xxaa/system_nrf52840.c.o

.debug_aranges  0x0000000000000000      0x710
 .debug_aranges
                0x0000000000000000       0x20 _build/nrf52840_xxaa/gcc_startup_nrf52840.S.o
 .debug_aranges
                0x0000000000000020       0x20 _build/nrf52840_xxaa/nrf_log_backend_serial.c.o
 .debug_aranges
                0x0000000000000040       0x48 _build/nrf52840_xxaa/nrf_log_backend_uart.c.o
 .debug_aranges
                0x0000000000000088       0x20 _build/nrf52840_xxaa/nrf_log_default_backends.c.o
 .debug_aranges
                0x00000000000000a8       0xc0 _build/nrf52840_xxaa/nrf_log_frontend.c.o
 .debug_aranges
                0x0000000000000168       0x38 _build/nrf52840_xxaa/nrf_log_str_formatter.c.o
 .debug_aranges
                0x00000000000001a0       0x28 _build/nrf52840_xxaa/app_error.c.o
 .debug_aranges
                0x00000000000001c8       0x20 _build/nrf52840_xxaa/app_error_weak.c.o
 .debug_aranges
                0x00000000000001e8       0x48 _build/nrf52840_xxaa/app_util_platform.c.o
 .debug_aranges
                0x0000000000000230       0xb0 _build/nrf52840_xxaa/nrf_atomic.c.o
 .debug_aranges
                0x00000000000002e0       0x30 _build/nrf52840_xxaa/nrf_balloc.c.o
 .debug_aranges
                0x0000000000000310       0x28 _build/nrf52840_xxaa/nrf_fprintf.c.o
 .debug_aranges
                0x0000000000000338       0x28 _build/nrf52840_xxaa/nrf_fprintf_format.c.o
 .debug_aranges
                0x0000000000000360       0x50 _build/nrf52840_xxaa/nrf_memobj.c.o
 .debug_aranges
                0x00000000000003b0       0x50 _build/nrf52840_xxaa/nrf_ringbuf.c.o
 .debug_aranges
                0x0000000000000400       0x28 _build/nrf52840_xxaa/nrf_drv_twi.c.o
 .debug_aranges
                0x0000000000000428       0x30 _build/nrf52840_xxaa/nrf_drv_uart.c.o
 .debug_aranges
                0x0000000000000458       0x30 _build/nrf52840_xxaa/nrfx_prs.c.o
 .debug_aranges
                0x0000000000000488       0x80 _build/nrf52840_xxaa/nrfx_twim.c.o
 .debug_aranges
                0x0000000000000508       0x78 _build/nrf52840_xxaa/nrfx_uart.c.o
 .debug_aranges
                0x0000000000000580       0x68 _build/nrf52840_xxaa/nrfx_uarte.c.o
 .debug_aranges
                0x00000000000005e8       0x60 _build/nrf52840_xxaa/main.c.o
 .debug_aranges
                0x0000000000000648       0xa0 _build/nrf52840_xxaa/bme68x.c.o
 .debug_aranges
                0x00000000000006e8       0x28 _build/nrf52840_xxaa/system_nrf52840.c.o

.debug_str      0x0000000000000000    0x93d8d
 .debug_str     0x0000000000000000       0xe1 _build/nrf52840_xxaa/gcc_startup_nrf52840.S.o
 .debug_str     0x00000000000000e1    0x846ee _build/nrf52840_xxaa/nrf_log_backend_serial.c.o
                                      0x85b68 (size before relaxing)
 .debug_str     0x00000000000847cf     0x4550 _build/nrf52840_xxaa/nrf_log_backend_uart.c.o
                                      0x89b49 (size before relaxing)
 .debug_str     0x0000000000088d1f      0x126 _build/nrf52840_xxaa/nrf_log_default_backends.c.o
                                      0x8590a (size before relaxing)
 .debug_str     0x0000000000088e45     0x1483 _build/nrf52840_xxaa/nrf_log_frontend.c.o
                                      0x86ef8 (size before relaxing)
 .debug_str     0x000000000008a2c8      0x6a6 _build/nrf52840_xxaa/nrf_log_str_formatter.c.o
                                      0x85fed (size before relaxing)
 .debug_str     0x000000000008a96e       0xf4 _build/nrf52840_xxaa/app_error.c.o
                                      0x77b64 (size before relaxing)
 .debug_str     0x000000000008aa62       0xd9 _build/nrf52840_xxaa/app_error_weak.c.o
                                      0x85fc6 (size before relaxing)
 .debug_str     0x000000000008ab3b      0x405 _build/nrf52840_xxaa/app_util_platform.c.o
                                      0x783c8 (size before relaxing)
 .debug_str     0x000000000008af40      0x6bf _build/nrf52840_xxaa/nrf_atomic.c.o
                                      0x81bfd (size before relaxing)
 .debug_str     0x000000000008b5ff      0x13f _build/nrf52840_xxaa/nrf_balloc.c.o
                                      0x85969 (size before relaxing)
 .debug_str     0x000000000008b73e      0x144 _build/nrf52840_xxaa/nrf_fprintf.c.o
                                      0x81842 (size before relaxing)
 .debug_str     0x000000000008b882      0x511 _build/nrf52840_xxaa/nrf_fprintf_format.c.o
                                      0x81d51 (size before relaxing)
 .debug_str     0x000000000008bd93      0x1a3 _build/nrf52840_xxaa/nrf_memobj.c.o
                                      0x83d2d (size before relaxing)
 .debug_str     0x000000000008bf36       0xe2 _build/nrf52840_xxaa/nrf_ringbuf.c.o
                                      0x82604 (size before relaxing)
 .debug_str     0x000000000008c018     0x1cbe _build/nrf52840_xxaa/nrf_drv_twi.c.o
                                      0x86fc2 (size before relaxing)
 .debug_str     0x000000000008dcd6      0x451 _build/nrf52840_xxaa/nrf_drv_uart.c.o
                                      0x865b0 (size before relaxing)
 .debug_str     0x000000000008e127      0x61d _build/nrf52840_xxaa/nrfx_prs.c.o
                                      0x886eb (size before relaxing)
 .debug_str     0x000000000008e744     0x113b _build/nrf52840_xxaa/nrfx_twim.c.o
                                      0x8a2c2 (size before relaxing)
 .debug_str     0x000000000008f87f      0x6ac _build/nrf52840_xxaa/nrfx_uart.c.o
                                      0x898e0 (size before relaxing)
 .debug_str     0x000000000008ff2b      0x930 _build/nrf52840_xxaa/nrfx_uarte.c.o
                                      0x89d73 (size before relaxing)
 .debug_str     0x000000000009085b     0x2af0 _build/nrf52840_xxaa/main.c.o
                                      0x8d625 (size before relaxing)
 .debug_str     0x000000000009334b      0x483 _build/nrf52840_xxaa/bme68x.c.o
                                       0x8bef (size before relaxing)
 .debug_str     0x00000000000937ce      0x5bf _build/nrf52840_xxaa/system_nrf52840.c.o
                                      0x73bd6 (size before relaxing)

.debug_loc      0x0000000000000000    0x17a9f
 .debug_loc     0x0000000000000000      0x1b3 _build/nrf52840_xxaa/nrf_log_backend_serial.c.o
 .debug_loc     0x00000000000001b3      0x334 _build/nrf52840_xxaa/nrf_log_backend_uart.c.o
 .debug_loc     0x00000000000004e7       0x31 _build/nrf52840_xxaa/nrf_log_default_backends.c.o
 .debug_loc     0x0000000000000518     0x3337 _build/nrf52840_xxaa/nrf_log_frontend.c.o
 .debug_loc     0x000000000000384f      0x45d _build/nrf52840_xxaa/nrf_log_str_formatter.c.o
 .debug_loc     0x0000000000003cac       0xc8 _build/nrf52840_xxaa/app_error.c.o
 .debug_loc     0x0000000000003d74       0x6f _build/nrf52840_xxaa/app_error_weak.c.o
 .debug_loc     0x0000000000003de3      0x11a _build/nrf52840_xxaa/app_util_platform.c.o
 .debug_loc     0x0000000000003efd      0x587 _build/nrf52840_xxaa/nrf_atomic.c.o
 .debug_loc     0x0000000000004484      0x22b _build/nrf52840_xxaa/nrf_balloc.c.o
 .debug_loc     0x00000000000046af       0x54 _build/nrf52840_xxaa/nrf_fprintf.c.o
 .debug_loc     0x0000000000004703     0x100f _build/nrf52840_xxaa/nrf_fprintf_format.c.o
 .debug_loc     0x0000000000005712      0xfa8 _build/nrf52840_xxaa/nrf_memobj.c.o
 .debug_loc     0x00000000000066ba      0x6c0 _build/nrf52840_xxaa/nrf_ringbuf.c.o
 .debug_loc     0x0000000000006d7a      0x6bb _build/nrf52840_xxaa/nrf_drv_twi.c.o
 .debug_loc     0x0000000000007435      0x1d6 _build/nrf52840_xxaa/nrf_drv_uart.c.o
 .debug_loc     0x000000000000760b      0x10e _build/nrf52840_xxaa/nrfx_prs.c.o
 .debug_loc     0x0000000000007719     0x31de _build/nrf52840_xxaa/nrfx_twim.c.o
 .debug_loc     0x000000000000a8f7     0x1efa _build/nrf52840_xxaa/nrfx_uart.c.o
 .debug_loc     0x000000000000c7f1     0x1f52 _build/nrf52840_xxaa/nrfx_uarte.c.o
 .debug_loc     0x000000000000e743      0x9e6 _build/nrf52840_xxaa/main.c.o
 .debug_loc     0x000000000000f129     0x8976 _build/nrf52840_xxaa/bme68x.c.o

.debug_ranges   0x0000000000000000     0x39d8
 .debug_ranges  0x0000000000000000       0x28 _build/nrf52840_xxaa/nrf_log_backend_serial.c.o
 .debug_ranges  0x0000000000000028      0x110 _build/nrf52840_xxaa/nrf_log_backend_uart.c.o
 .debug_ranges  0x0000000000000138       0x10 _build/nrf52840_xxaa/nrf_log_default_backends.c.o
 .debug_ranges  0x0000000000000148      0x7d0 _build/nrf52840_xxaa/nrf_log_frontend.c.o
 .debug_ranges  0x0000000000000918       0xa0 _build/nrf52840_xxaa/nrf_log_str_formatter.c.o
 .debug_ranges  0x00000000000009b8       0x18 _build/nrf52840_xxaa/app_error.c.o
 .debug_ranges  0x00000000000009d0       0x28 _build/nrf52840_xxaa/app_error_weak.c.o
 .debug_ranges  0x00000000000009f8       0x50 _build/nrf52840_xxaa/app_util_platform.c.o
 .debug_ranges  0x0000000000000a48      0x228 _build/nrf52840_xxaa/nrf_atomic.c.o
 .debug_ranges  0x0000000000000c70       0x48 _build/nrf52840_xxaa/nrf_balloc.c.o
 .debug_ranges  0x0000000000000cb8       0x18 _build/nrf52840_xxaa/nrf_fprintf.c.o
 .debug_ranges  0x0000000000000cd0      0x3b8 _build/nrf52840_xxaa/nrf_fprintf_format.c.o
 .debug_ranges  0x0000000000001088       0xb8 _build/nrf52840_xxaa/nrf_memobj.c.o
 .debug_ranges  0x0000000000001140       0x40 _build/nrf52840_xxaa/nrf_ringbuf.c.o
 .debug_ranges  0x0000000000001180       0xd8 _build/nrf52840_xxaa/nrf_drv_twi.c.o
 .debug_ranges  0x0000000000001258       0x20 _build/nrf52840_xxaa/nrf_drv_uart.c.o
 .debug_ranges  0x0000000000001278       0x38 _build/nrf52840_xxaa/nrfx_prs.c.o
 .debug_ranges  0x00000000000012b0      0xa88 _build/nrf52840_xxaa/nrfx_twim.c.o
 .debug_ranges  0x0000000000001d38      0x608 _build/nrf52840_xxaa/nrfx_uart.c.o
 .debug_ranges  0x0000000000002340      0x4f0 _build/nrf52840_xxaa/nrfx_uarte.c.o
 .debug_ranges  0x0000000000002830      0x1c8 _build/nrf52840_xxaa/main.c.o
 .debug_ranges  0x00000000000029f8      0xfa8 _build/nrf52840_xxaa/bme68x.c.o
 .debug_ranges  0x00000000000039a0       0x38 _build/nrf52840_xxaa/system_nrf52840.c.o

.debug_macro    0x0000000000000000     0x6a5a
 .debug_macro   0x0000000000000000      0x375 _build/nrf52840_xxaa/nrf_log_backend_serial.c.o
 .debug_macro   0x0000000000000375       0x16 _build/nrf52840_xxaa/nrf_log_backend_serial.c.o
 .debug_macro   0x000000000000038b       0x22 _build/nrf52840_xxaa/nrf_log_backend_serial.c.o
 .debug_macro   0x00000000000003ad       0x1c _build/nrf52840_xxaa/nrf_log_backend_serial.c.o
 .debug_macro   0x00000000000003c9       0x10 _build/nrf52840_xxaa/nrf_log_backend_serial.c.o
 .debug_macro   0x00000000000003d9       0xbe _build/nrf52840_xxaa/nrf_log_backend_serial.c.o
 .debug_macro   0x0000000000000497       0x16 _build/nrf52840_xxaa/nrf_log_backend_serial.c.o
 .debug_macro   0x00000000000004ad      0x129 _build/nrf52840_xxaa/nrf_log_backend_serial.c.o
 .debug_macro   0x00000000000005d6       0x49 _build/nrf52840_xxaa/nrf_log_backend_serial.c.o
 .debug_macro   0x000000000000061f       0x8c _build/nrf52840_xxaa/nrf_log_backend_serial.c.o
 .debug_macro   0x00000000000006ab       0x31 _build/nrf52840_xxaa/nrf_log_backend_serial.c.o
 .debug_macro   0x00000000000006dc       0x55 _build/nrf52840_xxaa/nrf_log_backend_serial.c.o
 .debug_macro   0x0000000000000731       0x98 _build/nrf52840_xxaa/nrf_log_backend_serial.c.o
 .debug_macro   0x00000000000007c9       0x10 _build/nrf52840_xxaa/nrf_log_backend_serial.c.o
 .debug_macro   0x00000000000007d9       0x1d _build/nrf52840_xxaa/nrf_log_backend_serial.c.o
 .debug_macro   0x00000000000007f6       0x2e _build/nrf52840_xxaa/nrf_log_backend_serial.c.o
 .debug_macro   0x0000000000000824       0x1c _build/nrf52840_xxaa/nrf_log_backend_serial.c.o
 .debug_macro   0x0000000000000840      0x17f _build/nrf52840_xxaa/nrf_log_backend_serial.c.o
 .debug_macro   0x00000000000009bf      0x458 _build/nrf52840_xxaa/nrf_log_backend_uart.c.o
 .debug_macro   0x0000000000000e17      0x430 _build/nrf52840_xxaa/nrf_log_backend_uart.c.o
 .debug_macro   0x0000000000001247       0x59 _build/nrf52840_xxaa/nrf_log_backend_uart.c.o
 .debug_macro   0x00000000000012a0      0x25d _build/nrf52840_xxaa/nrf_log_backend_uart.c.o
 .debug_macro   0x00000000000014fd      0x14e _build/nrf52840_xxaa/nrf_log_backend_uart.c.o
 .debug_macro   0x000000000000164b       0x5a _build/nrf52840_xxaa/nrf_log_backend_uart.c.o
 .debug_macro   0x00000000000016a5       0x1d _build/nrf52840_xxaa/nrf_log_backend_uart.c.o
 .debug_macro   0x00000000000016c2       0xac _build/nrf52840_xxaa/nrf_log_backend_uart.c.o
 .debug_macro   0x000000000000176e       0x64 _build/nrf52840_xxaa/nrf_log_backend_uart.c.o
 .debug_macro   0x00000000000017d2       0x20 _build/nrf52840_xxaa/nrf_log_backend_uart.c.o
 .debug_macro   0x00000000000017f2       0x10 _build/nrf52840_xxaa/nrf_log_backend_uart.c.o
 .debug_macro   0x0000000000001802       0x10 _build/nrf52840_xxaa/nrf_log_backend_uart.c.o
 .debug_macro   0x0000000000001812       0x10 _build/nrf52840_xxaa/nrf_log_backend_uart.c.o
 .debug_macro   0x0000000000001822       0x10 _build/nrf52840_xxaa/nrf_log_backend_uart.c.o
 .debug_macro   0x0000000000001832       0x10 _build/nrf52840_xxaa/nrf_log_backend_uart.c.o
 .debug_macro   0x0000000000001842       0x3f _build/nrf52840_xxaa/nrf_log_backend_uart.c.o
 .debug_macro   0x0000000000001881      0x366 _build/nrf52840_xxaa/nrf_log_default_backends.c.o
 .debug_macro   0x0000000000001be7       0x10 _build/nrf52840_xxaa/nrf_log_default_backends.c.o
 .debug_macro   0x0000000000001bf7      0x3e7 _build/nrf52840_xxaa/nrf_log_frontend.c.o
 .debug_macro   0x0000000000001fde       0x16 _build/nrf52840_xxaa/nrf_log_frontend.c.o
 .debug_macro   0x0000000000001ff4       0x9a _build/nrf52840_xxaa/nrf_log_frontend.c.o
 .debug_macro   0x000000000000208e       0x9e _build/nrf52840_xxaa/nrf_log_frontend.c.o
 .debug_macro   0x000000000000212c      0x3b7 _build/nrf52840_xxaa/nrf_log_str_formatter.c.o
 .debug_macro   0x00000000000024e3       0xa2 _build/nrf52840_xxaa/nrf_log_str_formatter.c.o
 .debug_macro   0x0000000000002585      0x223 _build/nrf52840_xxaa/app_error.c.o
 .debug_macro   0x00000000000027a8       0x35 _build/nrf52840_xxaa/app_error.c.o
 .debug_macro   0x00000000000027dd       0x97 _build/nrf52840_xxaa/app_error.c.o
 .debug_macro   0x0000000000002874       0xf6 _build/nrf52840_xxaa/app_error.c.o
 .debug_macro   0x000000000000296a      0x365 _build/nrf52840_xxaa/app_error_weak.c.o
 .debug_macro   0x0000000000002ccf       0x16 _build/nrf52840_xxaa/app_error_weak.c.o
 .debug_macro   0x0000000000002ce5       0x92 _build/nrf52840_xxaa/app_error_weak.c.o
 .debug_macro   0x0000000000002d77      0x239 _build/nrf52840_xxaa/app_util_platform.c.o
 .debug_macro   0x0000000000002fb0      0x230 _build/nrf52840_xxaa/nrf_atomic.c.o
 .debug_macro   0x00000000000031e0       0x42 _build/nrf52840_xxaa/nrf_atomic.c.o
 .debug_macro   0x0000000000003222      0x32a _build/nrf52840_xxaa/nrf_balloc.c.o
 .debug_macro   0x000000000000354c       0x10 _build/nrf52840_xxaa/nrf_balloc.c.o
 .debug_macro   0x000000000000355c      0x23c _build/nrf52840_xxaa/nrf_fprintf.c.o
 .debug_macro   0x0000000000003798       0x58 _build/nrf52840_xxaa/nrf_fprintf.c.o
 .debug_macro   0x00000000000037f0      0x2ae _build/nrf52840_xxaa/nrf_fprintf_format.c.o
 .debug_macro   0x0000000000003a9e      0x30d _build/nrf52840_xxaa/nrf_memobj.c.o
 .debug_macro   0x0000000000003dab      0x10e _build/nrf52840_xxaa/nrf_memobj.c.o
 .debug_macro   0x0000000000003eb9       0x86 _build/nrf52840_xxaa/nrf_memobj.c.o
 .debug_macro   0x0000000000003f3f       0x5b _build/nrf52840_xxaa/nrf_memobj.c.o
 .debug_macro   0x0000000000003f9a      0x2bc _build/nrf52840_xxaa/nrf_ringbuf.c.o
 .debug_macro   0x0000000000004256      0x39e _build/nrf52840_xxaa/nrf_drv_twi.c.o
 .debug_macro   0x00000000000045f4       0x50 _build/nrf52840_xxaa/nrf_drv_twi.c.o
 .debug_macro   0x0000000000004644       0x3e _build/nrf52840_xxaa/nrf_drv_twi.c.o
 .debug_macro   0x0000000000004682       0x7f _build/nrf52840_xxaa/nrf_drv_twi.c.o
 .debug_macro   0x0000000000004701       0x10 _build/nrf52840_xxaa/nrf_drv_twi.c.o
 .debug_macro   0x0000000000004711       0x1c _build/nrf52840_xxaa/nrf_drv_twi.c.o
 .debug_macro   0x000000000000472d      0x367 _build/nrf52840_xxaa/nrf_drv_uart.c.o
 .debug_macro   0x0000000000004a94      0x3d4 _build/nrf52840_xxaa/nrfx_prs.c.o
 .debug_macro   0x0000000000004e68       0x28 _build/nrf52840_xxaa/nrfx_prs.c.o
 .debug_macro   0x0000000000004e90       0x1c _build/nrf52840_xxaa/nrfx_prs.c.o
 .debug_macro   0x0000000000004eac       0x37 _build/nrf52840_xxaa/nrfx_prs.c.o
 .debug_macro   0x0000000000004ee3      0x179 _build/nrf52840_xxaa/nrfx_prs.c.o
 .debug_macro   0x000000000000505c       0x42 _build/nrf52840_xxaa/nrfx_prs.c.o
 .debug_macro   0x000000000000509e      0x42a _build/nrf52840_xxaa/nrfx_twim.c.o
 .debug_macro   0x00000000000054c8      0x3ef _build/nrf52840_xxaa/nrfx_uart.c.o
 .debug_macro   0x00000000000058b7      0x40d _build/nrf52840_xxaa/nrfx_uarte.c.o
 .debug_macro   0x0000000000005cc4      0x4c7 _build/nrf52840_xxaa/main.c.o
 .debug_macro   0x000000000000618b       0x5e _build/nrf52840_xxaa/main.c.o
 .debug_macro   0x00000000000061e9       0x5c _build/nrf52840_xxaa/main.c.o
 .debug_macro   0x0000000000006245       0x57 _build/nrf52840_xxaa/main.c.o
 .debug_macro   0x000000000000629c       0x10 _build/nrf52840_xxaa/main.c.o
 .debug_macro   0x00000000000062ac       0xb2 _build/nrf52840_xxaa/main.c.o
 .debug_macro   0x000000000000635e       0x10 _build/nrf52840_xxaa/main.c.o
 .debug_macro   0x000000000000636e      0x483 _build/nrf52840_xxaa/main.c.o
 .debug_macro   0x00000000000067f1      0x169 _build/nrf52840_xxaa/bme68x.c.o
 .debug_macro   0x000000000000695a      0x100 _build/nrf52840_xxaa/system_nrf52840.c.o

.debug_frame    0x0000000000000000     0x1598
 .debug_frame   0x0000000000000000       0x40 _build/nrf52840_xxaa/nrf_log_backend_serial.c.o
 .debug_frame   0x0000000000000040       0xb0 _build/nrf52840_xxaa/nrf_log_backend_uart.c.o
 .debug_frame   0x00000000000000f0       0x28 _build/nrf52840_xxaa/nrf_log_default_backends.c.o
 .debug_frame   0x0000000000000118      0x2e4 _build/nrf52840_xxaa/nrf_log_frontend.c.o
 .debug_frame   0x00000000000003fc       0xac _build/nrf52840_xxaa/nrf_log_str_formatter.c.o
 .debug_frame   0x00000000000004a8       0x4c _build/nrf52840_xxaa/app_error.c.o
 .debug_frame   0x00000000000004f4       0x28 _build/nrf52840_xxaa/app_error_weak.c.o
 .debug_frame   0x000000000000051c       0x70 _build/nrf52840_xxaa/app_util_platform.c.o
 .debug_frame   0x000000000000058c      0x148 _build/nrf52840_xxaa/nrf_atomic.c.o
 .debug_frame   0x00000000000006d4       0x6c _build/nrf52840_xxaa/nrf_balloc.c.o
 .debug_frame   0x0000000000000740       0x5c _build/nrf52840_xxaa/nrf_fprintf.c.o
 .debug_frame   0x000000000000079c       0xa8 _build/nrf52840_xxaa/nrf_fprintf_format.c.o
 .debug_frame   0x0000000000000844       0xe8 _build/nrf52840_xxaa/nrf_memobj.c.o
 .debug_frame   0x000000000000092c       0xd8 _build/nrf52840_xxaa/nrf_ringbuf.c.o
 .debug_frame   0x0000000000000a04       0x6c _build/nrf52840_xxaa/nrf_drv_twi.c.o
 .debug_frame   0x0000000000000a70       0x7c _build/nrf52840_xxaa/nrf_drv_uart.c.o
 .debug_frame   0x0000000000000aec       0x4c _build/nrf52840_xxaa/nrfx_prs.c.o
 .debug_frame   0x0000000000000b38      0x1d0 _build/nrf52840_xxaa/nrfx_twim.c.o
 .debug_frame   0x0000000000000d08      0x180 _build/nrf52840_xxaa/nrfx_uart.c.o
 .debug_frame   0x0000000000000e88      0x184 _build/nrf52840_xxaa/nrfx_uarte.c.o
 .debug_frame   0x000000000000100c      0x128 _build/nrf52840_xxaa/main.c.o
 .debug_frame   0x0000000000001134      0x368 _build/nrf52840_xxaa/bme68x.c.o
 .debug_frame   0x000000000000149c       0x40 _build/nrf52840_xxaa/system_nrf52840.c.o
 .debug_frame   0x00000000000014dc       0x28 /Users/stefantobiasiewicz/Documents/Programing/Nordic/gcc-arm-none-eabi-10.3-2021.07/bin/../lib/gcc/arm-none-eabi/10.3.1/../../../../arm-none-eabi/lib/thumb/v7e-m+fp/hard/libc_nano.a(lib_a-exit.o)
 .debug_frame   0x0000000000001504       0x2c /Users/stefantobiasiewicz/Documents/Programing/Nordic/gcc-arm-none-eabi-10.3-2021.07/bin/../lib/gcc/arm-none-eabi/10.3.1/../../../../arm-none-eabi/lib/thumb/v7e-m+fp/hard/libc_nano.a(lib_a-init.o)
 .debug_frame   0x0000000000001530       0x28 /Users/stefantobiasiewicz/Documents/Programing/Nordic/gcc-arm-none-eabi-10.3-2021.07/bin/../lib/gcc/arm-none-eabi/10.3.1/../../../../arm-none-eabi/lib/thumb/v7e-m+fp/hard/libc_nano.a(lib_a-memcpy-stub.o)
 .debug_frame   0x0000000000001558       0x20 /Users/stefantobiasiewicz/Documents/Programing/Nordic/gcc-arm-none-eabi-10.3-2021.07/bin/../lib/gcc/arm-none-eabi/10.3.1/../../../../arm-none-eabi/lib/thumb/v7e-m+fp/hard/libc_nano.a(lib_a-memset.o)
 .debug_frame   0x0000000000001578       0x20 /Users/stefantobiasiewicz/Documents/Programing/Nordic/gcc-arm-none-eabi-10.3-2021.07/bin/../lib/gcc/arm-none-eabi/10.3.1/../../../../arm-none-eabi/lib/thumb/v7e-m+fp/hard/libnosys.a(_exit.o)
