Archive member included to satisfy reference by file (symbol)

c:/program files (x86)/gnu arm embedded toolchain/10 2021.10/bin/../lib/gcc/arm-none-eabi/10.3.1/../../../../arm-none-eabi/lib/thumb/v7e-m+fp/hard\libc_nano.a(lib_a-ctype_.o)
                              _build/nrf52840_xxaa/nrf_log_str_formatter.c.o (_ctype_)
c:/program files (x86)/gnu arm embedded toolchain/10 2021.10/bin/../lib/gcc/arm-none-eabi/10.3.1/../../../../arm-none-eabi/lib/thumb/v7e-m+fp/hard\libc_nano.a(lib_a-exit.o)
                              c:/program files (x86)/gnu arm embedded toolchain/10 2021.10/bin/../lib/gcc/arm-none-eabi/10.3.1/../../../../arm-none-eabi/lib/thumb/v7e-m+fp/hard/crt0.o (exit)
c:/program files (x86)/gnu arm embedded toolchain/10 2021.10/bin/../lib/gcc/arm-none-eabi/10.3.1/../../../../arm-none-eabi/lib/thumb/v7e-m+fp/hard\libc_nano.a(lib_a-impure.o)
                              c:/program files (x86)/gnu arm embedded toolchain/10 2021.10/bin/../lib/gcc/arm-none-eabi/10.3.1/../../../../arm-none-eabi/lib/thumb/v7e-m+fp/hard\libc_nano.a(lib_a-exit.o) (_global_impure_ptr)
c:/program files (x86)/gnu arm embedded toolchain/10 2021.10/bin/../lib/gcc/arm-none-eabi/10.3.1/../../../../arm-none-eabi/lib/thumb/v7e-m+fp/hard\libc_nano.a(lib_a-init.o)
                              c:/program files (x86)/gnu arm embedded toolchain/10 2021.10/bin/../lib/gcc/arm-none-eabi/10.3.1/../../../../arm-none-eabi/lib/thumb/v7e-m+fp/hard/crt0.o (__libc_init_array)
c:/program files (x86)/gnu arm embedded toolchain/10 2021.10/bin/../lib/gcc/arm-none-eabi/10.3.1/../../../../arm-none-eabi/lib/thumb/v7e-m+fp/hard\libc_nano.a(lib_a-memcpy-stub.o)
                              _build/nrf52840_xxaa/nrf_log_frontend.c.o (memcpy)
c:/program files (x86)/gnu arm embedded toolchain/10 2021.10/bin/../lib/gcc/arm-none-eabi/10.3.1/../../../../arm-none-eabi/lib/thumb/v7e-m+fp/hard\libc_nano.a(lib_a-memset.o)
                              c:/program files (x86)/gnu arm embedded toolchain/10 2021.10/bin/../lib/gcc/arm-none-eabi/10.3.1/../../../../arm-none-eabi/lib/thumb/v7e-m+fp/hard/crt0.o (memset)
c:/program files (x86)/gnu arm embedded toolchain/10 2021.10/bin/../lib/gcc/arm-none-eabi/10.3.1/../../../../arm-none-eabi/lib/thumb/v7e-m+fp/hard\libc_nano.a(lib_a-strcpy.o)
                              _build/nrf52840_xxaa/SEGGER_RTT.c.o (strcpy)
c:/program files (x86)/gnu arm embedded toolchain/10 2021.10/bin/../lib/gcc/arm-none-eabi/10.3.1/../../../../arm-none-eabi/lib/thumb/v7e-m+fp/hard\libc_nano.a(lib_a-strlen.o)
                              _build/nrf52840_xxaa/nrf_log_frontend.c.o (strlen)
c:/program files (x86)/gnu arm embedded toolchain/10 2021.10/bin/../lib/gcc/arm-none-eabi/10.3.1/../../../../arm-none-eabi/lib/thumb/v7e-m+fp/hard\libnosys.a(_exit.o)
                              c:/program files (x86)/gnu arm embedded toolchain/10 2021.10/bin/../lib/gcc/arm-none-eabi/10.3.1/../../../../arm-none-eabi/lib/thumb/v7e-m+fp/hard\libc_nano.a(lib_a-exit.o) (_exit)

Discarded input sections

 .text          0x00000000        0x0 c:/program files (x86)/gnu arm embedded toolchain/10 2021.10/bin/../lib/gcc/arm-none-eabi/10.3.1/thumb/v7e-m+fp/hard/crti.o
 .data          0x00000000        0x0 c:/program files (x86)/gnu arm embedded toolchain/10 2021.10/bin/../lib/gcc/arm-none-eabi/10.3.1/thumb/v7e-m+fp/hard/crti.o
 .bss           0x00000000        0x0 c:/program files (x86)/gnu arm embedded toolchain/10 2021.10/bin/../lib/gcc/arm-none-eabi/10.3.1/thumb/v7e-m+fp/hard/crti.o
 .data          0x00000000        0x4 c:/program files (x86)/gnu arm embedded toolchain/10 2021.10/bin/../lib/gcc/arm-none-eabi/10.3.1/thumb/v7e-m+fp/hard/crtbegin.o
 .rodata        0x00000000       0x24 c:/program files (x86)/gnu arm embedded toolchain/10 2021.10/bin/../lib/gcc/arm-none-eabi/10.3.1/thumb/v7e-m+fp/hard/crtbegin.o
 .data          0x00000000        0x0 c:/program files (x86)/gnu arm embedded toolchain/10 2021.10/bin/../lib/gcc/arm-none-eabi/10.3.1/../../../../arm-none-eabi/lib/thumb/v7e-m+fp/hard/crt0.o
 .bss           0x00000000        0x0 c:/program files (x86)/gnu arm embedded toolchain/10 2021.10/bin/../lib/gcc/arm-none-eabi/10.3.1/../../../../arm-none-eabi/lib/thumb/v7e-m+fp/hard/crt0.o
 .ARM.extab     0x00000000        0x0 c:/program files (x86)/gnu arm embedded toolchain/10 2021.10/bin/../lib/gcc/arm-none-eabi/10.3.1/../../../../arm-none-eabi/lib/thumb/v7e-m+fp/hard/crt0.o
 .data          0x00000000        0x0 _build/nrf52840_xxaa/gcc_startup_nrf52840.S.o
 .bss           0x00000000        0x0 _build/nrf52840_xxaa/gcc_startup_nrf52840.S.o
 .group         0x00000000        0xc _build/nrf52840_xxaa/nrf_log_backend_rtt.c.o
 .group         0x00000000        0xc _build/nrf52840_xxaa/nrf_log_backend_rtt.c.o
 .group         0x00000000        0xc _build/nrf52840_xxaa/nrf_log_backend_rtt.c.o
 .group         0x00000000        0xc _build/nrf52840_xxaa/nrf_log_backend_rtt.c.o
 .group         0x00000000        0xc _build/nrf52840_xxaa/nrf_log_backend_rtt.c.o
[...]
Memory Configuration

Name             Origin             Length             Attributes
FLASH            0x00000000         0x00100000         xr
RAM              0x20000000         0x00040000         xrw
*default*        0x00000000         0xffffffff

Linker script and memory map


.text           0x00000000     0x67ac
 *(.isr_vector)
 .isr_vector    0x00000000      0x200 _build/nrf52840_xxaa/gcc_startup_nrf52840.S.o
                0x00000000                __isr_vector
 *(.text*)
 .text          0x00000200       0x40 c:/program files (x86)/gnu arm embedded toolchain/10 2021.10/bin/../lib/gcc/arm-none-eabi/10.3.1/thumb/v7e-m+fp/hard/crtbegin.o
 .text          0x00000240       0x7c c:/program files (x86)/gnu arm embedded toolchain/10 2021.10/bin/../lib/gcc/arm-none-eabi/10.3.1/../../../../arm-none-eabi/lib/thumb/v7e-m+fp/hard/crt0.o
                0x00000240                _stack_init
                0x00000248                _start
                0x00000248                _mainCRTStartup
 .text          0x000002bc       0x3c _build/nrf52840_xxaa/gcc_startup_nrf52840.S.o
                0x000002bc                Reset_Handler
                0x000002e4                NMI_Handler
                0x000002e6                HardFault_Handler
                0x000002e8                MemoryManagement_Handler
                0x000002ea                BusFault_Handler
                0x000002ec                UsageFault_Handler
                0x000002ee                SVC_Handler
                0x000002f0                DebugMon_Handler
                0x000002f2                PendSV_Handler
                0x000002f4                SysTick_Handler
                0x000002f6                SWI0_EGU0_IRQHandler
                0x000002f6                POWER_CLOCK_IRQHandler
                0x000002f6                RADIO_IRQHandler
                0x000002f6                PDM_IRQHandler
                0x000002f6                TEMP_IRQHandler
                0x000002f6                QDEC_IRQHandler
                0x000002f6                TIMER3_IRQHandler
                0x000002f6                PWM3_IRQHandler
                0x000002f6                FPU_IRQHandler
                0x000002f6                USBD_IRQHandler
                0x000002f6                GPIOTE_IRQHandler
                0x000002f6                PWM1_IRQHandler
                0x000002f6                CRYPTOCELL_IRQHandler
                0x000002f6                RTC0_IRQHandler
                0x000002f6                SWI4_EGU4_IRQHandler
                0x000002f6                TIMER0_IRQHandler
                0x000002f6                SWI2_EGU2_IRQHandler
                0x000002f6                UARTE1_IRQHandler
                0x000002f6                TIMER1_IRQHandler
                0x000002f6                SPIM3_IRQHandler
                0x000002f6                PWM2_IRQHandler
                0x000002f6                ECB_IRQHandler
                0x000002f6                Default_Handler
                0x000002f6                SAADC_IRQHandler
                0x000002f6                CCM_AAR_IRQHandler
                0x000002f6                WDT_IRQHandler
                0x000002f6                TIMER4_IRQHandler
                0x000002f6                SWI5_EGU5_IRQHandler
                0x000002f6                RNG_IRQHandler
                0x000002f6                RTC2_IRQHandler
                0x000002f6                PWM0_IRQHandler
                0x000002f6                SWI3_EGU3_IRQHandler
                0x000002f6                RTC1_IRQHandler
                0x000002f6                SWI1_EGU1_IRQHandler
                0x000002f6                SPIM2_SPIS2_SPI2_IRQHandler
                0x000002f6                NFCT_IRQHandler
                0x000002f6                I2S_IRQHandler
                0x000002f6                MWU_IRQHandler
                0x000002f6                TIMER2_IRQHandler
                0x000002f6                QSPI_IRQHandler
                0x000002f6                COMP_LPCOMP_IRQHandler
 .text.nrf_log_backend_serial_put
                0x000002f8       0xd8 _build/nrf52840_xxaa/nrf_log_backend_serial.c.o
                0x000002f8                nrf_log_backend_serial_put
 .text.uart_evt_handler
                0x000003d0        0xc _build/nrf52840_xxaa/nrf_log_backend_uart.c.o
 .text.nrf_log_backend_uart_flush
                0x000003dc        0x4 _build/nrf52840_xxaa/nrf_log_backend_uart.c.o
 .text.nrf_log_backend_uart_put
                0x000003e0       0x20 _build/nrf52840_xxaa/nrf_log_backend_uart.c.o
 .text.serial_tx
                0x00000400       0x50 _build/nrf52840_xxaa/nrf_log_backend_uart.c.o
 .text.nrf_log_backend_uart_panic_set
                0x00000450       0x68 _build/nrf52840_xxaa/nrf_log_backend_uart.c.o
 .text.nrf_log_backend_uart_init
                0x000004b8       0x50 _build/nrf52840_xxaa/nrf_log_backend_uart.c.o
                0x000004b8                nrf_log_backend_uart_init
 .text.nrf_log_default_backends_init
                0x00000508       0x20 _build/nrf52840_xxaa/nrf_log_default_backends.c.o
                0x00000508                nrf_log_default_backends_init
 .text.log_skip
                0x00000528       0xd0 _build/nrf52840_xxaa/nrf_log_frontend.c.o
 .text.nrf_log_init
                0x000005f8       0x3c _build/nrf52840_xxaa/nrf_log_frontend.c.o
                0x000005f8                nrf_log_init
 .text.nrf_log_module_name_get
                0x00000634       0x48 _build/nrf52840_xxaa/nrf_log_frontend.c.o
                0x00000634                nrf_log_module_name_get
 .text.nrf_log_color_id_get
                0x0000067c       0x2c _build/nrf52840_xxaa/nrf_log_frontend.c.o
                0x0000067c                nrf_log_color_id_get
 .text.nrf_log_frontend_dequeue
                0x000006a8      0x27c _build/nrf52840_xxaa/nrf_log_frontend.c.o
                0x000006a8                nrf_log_frontend_dequeue
 .text.nrf_log_frontend_std_0
                0x00000924       0xc4 _build/nrf52840_xxaa/nrf_log_frontend.c.o
                0x00000924                nrf_log_frontend_std_0
 .text.nrf_log_frontend_hexdump
                0x000009e8      0x134 _build/nrf52840_xxaa/nrf_log_frontend.c.o
                0x000009e8                nrf_log_frontend_hexdump
 .text.nrf_log_frontend_std_1
                0x00000b1c       0xd0 _build/nrf52840_xxaa/nrf_log_frontend.c.o
                0x00000b1c                nrf_log_frontend_std_1
 .text.nrf_log_frontend_std_2
                0x00000bec       0xe0 _build/nrf52840_xxaa/nrf_log_frontend.c.o
                0x00000bec                nrf_log_frontend_std_2
 .text.nrf_log_frontend_std_3
                0x00000ccc       0xec _build/nrf52840_xxaa/nrf_log_frontend.c.o
                0x00000ccc                nrf_log_frontend_std_3
 .text.nrf_log_frontend_std_5
                0x00000db8      0x108 _build/nrf52840_xxaa/nrf_log_frontend.c.o
                0x00000db8                nrf_log_frontend_std_5
 .text.nrf_log_backend_add
                0x00000ec0       0x5c _build/nrf52840_xxaa/nrf_log_frontend.c.o
                0x00000ec0                nrf_log_backend_add
 .text.nrf_log_panic
                0x00000f1c       0x2c _build/nrf52840_xxaa/nrf_log_frontend.c.o
                0x00000f1c                nrf_log_panic
 .text.prefix_process
                0x00000f48       0x84 _build/nrf52840_xxaa/nrf_log_str_formatter.c.o
 .text.nrf_log_std_entry_process
                0x00000fcc       0xec _build/nrf52840_xxaa/nrf_log_str_formatter.c.o
                0x00000fcc                nrf_log_std_entry_process
 .text.nrf_log_hexdump_entry_process
                0x000010b8      0x104 _build/nrf52840_xxaa/nrf_log_str_formatter.c.o
                0x000010b8                nrf_log_hexdump_entry_process
 .text.app_error_handler_bare
                0x000011bc       0x20 _build/nrf52840_xxaa/app_error.c.o
                0x000011bc                app_error_handler_bare
 .text.app_error_fault_handler
                0x000011dc       0x6c _build/nrf52840_xxaa/app_error_weak.c.o
                0x000011dc                app_error_fault_handler
 .text.app_util_critical_region_enter
                0x00001248       0x10 _build/nrf52840_xxaa/app_util_platform.c.o
                0x00001248                app_util_critical_region_enter
 .text.app_util_critical_region_exit
                0x00001258       0x14 _build/nrf52840_xxaa/app_util_platform.c.o
                0x00001258                app_util_critical_region_exit
 .text.nrf_atomic_u32_fetch_store
                0x0000126c       0x14 _build/nrf52840_xxaa/nrf_atomic.c.o
                0x0000126c                nrf_atomic_u32_fetch_store
 .text.nrf_atomic_u32_add
                0x00001280       0x18 _build/nrf52840_xxaa/nrf_atomic.c.o
                0x00001280                nrf_atomic_u32_add
 .text.nrf_atomic_u32_sub
                0x00001298       0x18 _build/nrf52840_xxaa/nrf_atomic.c.o
                0x00001298                nrf_atomic_u32_sub
 .text.nrf_atomic_flag_set
                0x000012b0       0x18 _build/nrf52840_xxaa/nrf_atomic.c.o
                0x000012b0                nrf_atomic_flag_set
 .text.nrf_atomic_flag_clear_fetch
                0x000012c8       0x18 _build/nrf52840_xxaa/nrf_atomic.c.o
                0x000012c8                nrf_atomic_flag_clear_fetch
 .text.nrf_balloc_init
                0x000012e0       0x3c _build/nrf52840_xxaa/nrf_balloc.c.o
                0x000012e0                nrf_balloc_init
 .text.nrf_balloc_alloc
                0x0000131c       0x4c _build/nrf52840_xxaa/nrf_balloc.c.o
                0x0000131c                nrf_balloc_alloc
 .text.nrf_balloc_free
                0x00001368       0x2c _build/nrf52840_xxaa/nrf_balloc.c.o
                0x00001368                nrf_balloc_free
 .text.nrf_fprintf_buffer_flush
                0x00001394       0x18 _build/nrf52840_xxaa/nrf_fprintf.c.o
                0x00001394                nrf_fprintf_buffer_flush
 .text.nrf_fprintf
                0x000013ac       0x20 _build/nrf52840_xxaa/nrf_fprintf.c.o
                0x000013ac                nrf_fprintf
 .text.unsigned_print
                0x000013cc      0x160 _build/nrf52840_xxaa/nrf_fprintf_format.c.o
 .text.nrf_fprintf_fmt
                0x0000152c      0x584 _build/nrf52840_xxaa/nrf_fprintf_format.c.o
                0x0000152c                nrf_fprintf_fmt
 .text.nrf_memobj_pool_init
                0x00001ab0        0x4 _build/nrf52840_xxaa/nrf_memobj.c.o
                0x00001ab0                nrf_memobj_pool_init
 .text.nrf_memobj_alloc
                0x00001ab4       0x94 _build/nrf52840_xxaa/nrf_memobj.c.o
                0x00001ab4                nrf_memobj_alloc
 .text.nrf_memobj_get
                0x00001b48        0x8 _build/nrf52840_xxaa/nrf_memobj.c.o
                0x00001b48                nrf_memobj_get
 .text.nrf_memobj_put
                0x00001b50       0x58 _build/nrf52840_xxaa/nrf_memobj.c.o
                0x00001b50                nrf_memobj_put
 .text.nrf_memobj_write
                0x00001ba8       0x68 _build/nrf52840_xxaa/nrf_memobj.c.o
                0x00001ba8                nrf_memobj_write
 .text.nrf_memobj_read
                0x00001c10       0x68 _build/nrf52840_xxaa/nrf_memobj.c.o
                0x00001c10                nrf_memobj_read
 .text.nrf_ringbuf_init
                0x00001c78       0x1c _build/nrf52840_xxaa/nrf_ringbuf.c.o
                0x00001c78                nrf_ringbuf_init
 .text.twim_evt_handler
                0x00001c94       0x44 _build/nrf52840_xxaa/nrf_drv_twi.c.o
 .text.nrf_drv_twi_init
                0x00001cd8      0x16c _build/nrf52840_xxaa/nrf_drv_twi.c.o
                0x00001cd8                nrf_drv_twi_init
 .text.uarte_evt_handler
                0x00001e44       0x34 _build/nrf52840_xxaa/nrf_drv_uart.c.o
 .text.uart_evt_handler
                0x00001e78       0x34 _build/nrf52840_xxaa/nrf_drv_uart.c.o
 .text.nrf_drv_uart_init
                0x00001eac       0x78 _build/nrf52840_xxaa/nrf_drv_uart.c.o
                0x00001eac                nrf_drv_uart_init
 .text.UARTE0_UART0_IRQHandler
                0x00001f24        0xc _build/nrf52840_xxaa/nrfx_prs.c.o
                0x00001f24                UARTE0_UART0_IRQHandler
 .text.nrfx_prs_acquire
                0x00001f30       0x3c _build/nrf52840_xxaa/nrfx_prs.c.o
                0x00001f30                nrfx_prs_acquire
 .text.nrfx_prs_release
                0x00001f6c       0x18 _build/nrf52840_xxaa/nrfx_prs.c.o
                0x00001f6c                nrfx_prs_release
 .text.xfer_completeness_check
                0x00001f84       0x7c _build/nrf52840_xxaa/nrfx_twim.c.o
 .text.SPIM1_SPIS1_TWIM1_TWIS1_SPI1_TWI1_IRQHandler
                0x00002000      0x1a8 _build/nrf52840_xxaa/nrfx_twim.c.o
                0x00002000                SPIM1_SPIS1_TWIM1_TWIS1_SPI1_TWI1_IRQHandler
 .text.SPIM0_SPIS0_TWIM0_TWIS0_SPI0_TWI0_IRQHandler
                0x000021a8      0x1a0 _build/nrf52840_xxaa/nrfx_twim.c.o
                0x000021a8                SPIM0_SPIS0_TWIM0_TWIS0_SPI0_TWI0_IRQHandler
 .text.nrfx_twim_init
                0x00002348      0x118 _build/nrf52840_xxaa/nrfx_twim.c.o
                0x00002348                nrfx_twim_init
 .text.nrfx_twim_enable
                0x00002460       0x20 _build/nrf52840_xxaa/nrfx_twim.c.o
                0x00002460                nrfx_twim_enable
 .text.nrfx_twim_tx
                0x00002480      0x18c _build/nrf52840_xxaa/nrfx_twim.c.o
                0x00002480                nrfx_twim_tx
 .text.nrfx_twim_rx
                0x0000260c      0x14c _build/nrf52840_xxaa/nrfx_twim.c.o
                0x0000260c                nrfx_twim_rx
 .text.nrfx_uart_0_irq_handler
                0x00002758      0x1d0 _build/nrf52840_xxaa/nrfx_uart.c.o
                0x00002758                nrfx_uart_0_irq_handler
 .text.nrfx_uart_init
                0x00002928      0x1e4 _build/nrf52840_xxaa/nrfx_uart.c.o
                0x00002928                nrfx_uart_init
 .text.nrfx_uart_uninit
                0x00002b0c       0xfc _build/nrf52840_xxaa/nrfx_uart.c.o
                0x00002b0c                nrfx_uart_uninit
 .text.nrfx_uart_tx
                0x00002c08       0xd8 _build/nrf52840_xxaa/nrfx_uart.c.o
                0x00002c08                nrfx_uart_tx
 .text.nrfx_uarte_0_irq_handler
                0x00002ce0      0x178 _build/nrf52840_xxaa/nrfx_uarte.c.o
                0x00002ce0                nrfx_uarte_0_irq_handler
 .text.nrfx_uarte_init
                0x00002e58      0x214 _build/nrf52840_xxaa/nrfx_uarte.c.o
                0x00002e58                nrfx_uarte_init
 .text.nrfx_uarte_uninit
                0x0000306c      0x138 _build/nrf52840_xxaa/nrfx_uarte.c.o
                0x0000306c                nrfx_uarte_uninit
 .text.nrfx_uarte_tx
                0x000031a4       0xb0 _build/nrf52840_xxaa/nrfx_uarte.c.o
                0x000031a4                nrfx_uarte_tx
 .text.bme680_i2c_read
                0x00003254       0xc0 _build/nrf52840_xxaa/main.c.o
                0x00003254                bme680_i2c_read
 .text.bme680_wait_us
                0x00003314       0x14 _build/nrf52840_xxaa/main.c.o
                0x00003314                bme680_wait_us
 .text.bme680_i2c_write
                0x00003328       0xb0 _build/nrf52840_xxaa/main.c.o
                0x00003328                bme680_i2c_write
 .text.twi_init
                0x000033d8       0x50 _build/nrf52840_xxaa/main.c.o
                0x000033d8                twi_init
 .text.bme68x_check_rslt
                0x00003428      0x148 _build/nrf52840_xxaa/main.c.o
                0x00003428                bme68x_check_rslt
 .text.bme680_init
                0x00003570       0x6c _build/nrf52840_xxaa/main.c.o
                0x00003570                bme680_init
 .text.startup.main
                0x000035dc      0x368 _build/nrf52840_xxaa/main.c.o
                0x000035dc                main
 .text.calc_pressure
                0x00003944      0x1bc _build/nrf52840_xxaa/bme68x.c.o
 .text.set_mem_page
                0x00003b00       0x7c _build/nrf52840_xxaa/bme68x.c.o
 .text.calc_gas_resistance_low.isra.0
                0x00003b7c       0xd8 _build/nrf52840_xxaa/bme68x.c.o
 .text.bme68x_set_regs.constprop.0
                0x00003c54       0xe4 _build/nrf52840_xxaa/bme68x.c.o
 .text.bme68x_init
                0x00003d38      0x33c _build/nrf52840_xxaa/bme68x.c.o
                0x00003d38                bme68x_init
 .text.bme68x_set_regs
                0x00004074      0x30c _build/nrf52840_xxaa/bme68x.c.o
                0x00004074                bme68x_set_regs
 .text.bme68x_get_conf
                0x00004380       0x94 _build/nrf52840_xxaa/bme68x.c.o
                0x00004380                bme68x_get_conf
 .text.bme68x_set_op_mode
                0x00004414      0x104 _build/nrf52840_xxaa/bme68x.c.o
                0x00004414                bme68x_set_op_mode
 .text.bme68x_set_conf
                0x00004518      0x43c _build/nrf52840_xxaa/bme68x.c.o
                0x00004518                bme68x_set_conf
 .text.bme68x_get_meas_dur
                0x00004954       0xe8 _build/nrf52840_xxaa/bme68x.c.o
                0x00004954                bme68x_get_meas_dur
 .text.bme68x_get_data
                0x00004a3c      0x954 _build/nrf52840_xxaa/bme68x.c.o
                0x00004a3c                bme68x_get_data
 .text.bme68x_set_heatr_conf
                0x00005390      0x9b4 _build/nrf52840_xxaa/bme68x.c.o
                0x00005390                bme68x_set_heatr_conf
 .text.SystemInit
                0x00005d44      0x1b8 _build/nrf52840_xxaa/system_nrf52840.c.o
                0x00005d44                SystemInit
 .text.exit     0x00005efc       0x28 c:/program files (x86)/gnu arm embedded toolchain/10 2021.10/bin/../lib/gcc/arm-none-eabi/10.3.1/../../../../arm-none-eabi/lib/thumb/v7e-m+fp/hard\libc_nano.a(lib_a-exit.o)
                0x00005efc                exit
 .text.__libc_init_array
                0x00005f24       0x48 c:/program files (x86)/gnu arm embedded toolchain/10 2021.10/bin/../lib/gcc/arm-none-eabi/10.3.1/../../../../arm-none-eabi/lib/thumb/v7e-m+fp/hard\libc_nano.a(lib_a-init.o)
                0x00005f24                __libc_init_array
 .text.memcpy   0x00005f6c       0x1c c:/program files (x86)/gnu arm embedded toolchain/10 2021.10/bin/../lib/gcc/arm-none-eabi/10.3.1/../../../../arm-none-eabi/lib/thumb/v7e-m+fp/hard\libc_nano.a(lib_a-memcpy-stub.o)
                0x00005f6c                memcpy
 .text.memset   0x00005f88       0x10 c:/program files (x86)/gnu arm embedded toolchain/10 2021.10/bin/../lib/gcc/arm-none-eabi/10.3.1/../../../../arm-none-eabi/lib/thumb/v7e-m+fp/hard\libc_nano.a(lib_a-memset.o)
                0x00005f88                memset
 .text          0x00005f98       0x10 c:/program files (x86)/gnu arm embedded toolchain/10 2021.10/bin/../lib/gcc/arm-none-eabi/10.3.1/../../../../arm-none-eabi/lib/thumb/v7e-m+fp/hard\libc_nano.a(lib_a-strlen.o)
                0x00005f98                strlen
 .text._exit    0x00005fa8        0x4 c:/program files (x86)/gnu arm embedded toolchain/10 2021.10/bin/../lib/gcc/arm-none-eabi/10.3.1/../../../../arm-none-eabi/lib/thumb/v7e-m+fp/hard\libnosys.a(_exit.o)
                0x00005fa8                _exit
 *(.init)
 .init          0x00005fac        0x4 c:/program files (x86)/gnu arm embedded toolchain/10 2021.10/bin/../lib/gcc/arm-none-eabi/10.3.1/thumb/v7e-m+fp/hard/crti.o
                0x00005fac                _init
 .init          0x00005fb0        0x8 c:/program files (x86)/gnu arm embedded toolchain/10 2021.10/bin/../lib/gcc/arm-none-eabi/10.3.1/thumb/v7e-m+fp/hard/crtn.o
 *(.fini)
 .fini          0x00005fb8        0x4 c:/program files (x86)/gnu arm embedded toolchain/10 2021.10/bin/../lib/gcc/arm-none-eabi/10.3.1/thumb/v7e-m+fp/hard/crti.o
                0x00005fb8                _fini
 .fini          0x00005fbc        0x8 c:/program files (x86)/gnu arm embedded toolchain/10 2021.10/bin/../lib/gcc/arm-none-eabi/10.3.1/thumb/v7e-m+fp/hard/crtn.o
 *crtbegin.o(.ctors)
 *crtbegin?.o(.ctors)
 *(EXCLUDE_FILE(*crtend.o *crtend?.o) .ctors)
 *(SORT_BY_NAME(.ctors.*))
 *(.ctors)
 *crtbegin.o(.dtors)
 *crtbegin?.o(.dtors)
 *(EXCLUDE_FILE(*crtend.o *crtend?.o) .dtors)
 *(SORT_BY_NAME(.dtors.*))
 *(.dtors)
 *(.rodata*)
 .rodata        0x00005fc4       0x20 _build/nrf52840_xxaa/nrf_log_backend_uart.c.o
 .rodata.nrf_log_backend_uart_api
                0x00005fe4        0xc _build/nrf52840_xxaa/nrf_log_backend_uart.c.o
                0x00005fe4                nrf_log_backend_uart_api
 .rodata.str1.4
                0x00005ff0       0x11 _build/nrf52840_xxaa/nrf_log_default_backends.c.o
 *fill*         0x00006001        0x3 
 .rodata.nrf_log_frontend_dequeue.str1.4
                0x00006004       0x11 _build/nrf52840_xxaa/nrf_log_frontend.c.o
 *fill*         0x00006015        0x3 
 .rodata.str1.4
                0x00006018        0x4 _build/nrf52840_xxaa/nrf_log_frontend.c.o
 .rodata.m_log_push_ringbuf
                0x0000601c        0xc _build/nrf52840_xxaa/nrf_log_frontend.c.o
 .rodata.prefix_process.str1.4
                0x00006028       0x36 _build/nrf52840_xxaa/nrf_log_str_formatter.c.o
 *fill*         0x0000605e        0x2 
 .rodata.nrf_log_std_entry_process.str1.4
                0x00006060        0x3 _build/nrf52840_xxaa/nrf_log_str_formatter.c.o
 *fill*         0x00006063        0x1 
 .rodata.nrf_log_hexdump_entry_process.str1.4
                0x00006064       0x13 _build/nrf52840_xxaa/nrf_log_str_formatter.c.o
                                 0x16 (size before relaxing)
 *fill*         0x00006077        0x1 
 .rodata.str1.4
                0x00006078       0x56 _build/nrf52840_xxaa/nrf_log_str_formatter.c.o
 *fill*         0x000060ce        0x2 
 .rodata.m_colors
                0x000060d0       0x24 _build/nrf52840_xxaa/nrf_log_str_formatter.c.o
 .rodata.severity_names
                0x000060f4       0x14 _build/nrf52840_xxaa/nrf_log_str_formatter.c.o
 .rodata.app_error_fault_handler.str1.4
                0x00006108       0x19 _build/nrf52840_xxaa/app_error_weak.c.o
 *fill*         0x00006121        0x3 
 .rodata._aV2C.0
                0x00006124       0x10 _build/nrf52840_xxaa/nrf_fprintf_format.c.o
 *fill*         0x00006134        0xc 
 .rodata.delay_machine_code.0
                0x00006140        0x6 _build/nrf52840_xxaa/nrf_drv_twi.c.o
 *fill*         0x00006146        0x2 
 .rodata.str1.4
                0x00006148        0x4 _build/nrf52840_xxaa/nrfx_prs.c.o
 .rodata.str1.4
                0x0000614c        0x5 _build/nrf52840_xxaa/nrfx_twim.c.o
 *fill*         0x00006151        0x3 
 .rodata.irq_handlers.0
                0x00006154        0x8 _build/nrf52840_xxaa/nrfx_twim.c.o
 .rodata.str1.4
                0x0000615c        0x5 _build/nrf52840_xxaa/nrfx_uart.c.o
 *fill*         0x00006161        0x3 
 .rodata.str1.4
                0x00006164        0x6 _build/nrf52840_xxaa/nrfx_uarte.c.o
 *fill*         0x0000616a        0x2 
 .rodata.bme680_i2c_read.str1.4
                0x0000616c       0x78 _build/nrf52840_xxaa/main.c.o
 .rodata.bme680_i2c_write.str1.4
                0x000061e4       0x53 _build/nrf52840_xxaa/main.c.o
 *fill*         0x00006237        0x1 
 .rodata.bme68x_check_rslt.str1.4
                0x00006238      0x16b _build/nrf52840_xxaa/main.c.o
 *fill*         0x000063a3        0x1 
 .rodata.bme680_init.str1.4
                0x000063a4       0x28 _build/nrf52840_xxaa/main.c.o
 .rodata.main.str1.4
                0x000063cc      0x21c _build/nrf52840_xxaa/main.c.o
                                0x220 (size before relaxing)
 *fill*         0x000065e8        0x8 
 .rodata.delay_machine_code.0
                0x000065f0        0x6 _build/nrf52840_xxaa/main.c.o
 *fill*         0x000065f6        0x2 
 .rodata.m_twi  0x000065f8       0x10 _build/nrf52840_xxaa/main.c.o
 .rodata.bme68x_set_conf.str1.4
                0x00006608        0x6 _build/nrf52840_xxaa/bme68x.c.o
 *fill*         0x0000660e        0x2 
 .rodata        0x00006610       0x92 _build/nrf52840_xxaa/bme68x.c.o
 .rodata._ctype_
                0x000066a2      0x101 c:/program files (x86)/gnu arm embedded toolchain/10 2021.10/bin/../lib/gcc/arm-none-eabi/10.3.1/../../../../arm-none-eabi/lib/thumb/v7e-m+fp/hard\libc_nano.a(lib_a-ctype_.o)
                0x000066a2                _ctype_
 *fill*         0x000067a3        0x1 
 .rodata._global_impure_ptr
                0x000067a4        0x4 c:/program files (x86)/gnu arm embedded toolchain/10 2021.10/bin/../lib/gcc/arm-none-eabi/10.3.1/../../../../arm-none-eabi/lib/thumb/v7e-m+fp/hard\libc_nano.a(lib_a-impure.o)
                0x000067a4                _global_impure_ptr
 *(.eh_frame*)
 .eh_frame      0x000067a8        0x0 c:/program files (x86)/gnu arm embedded toolchain/10 2021.10/bin/../lib/gcc/arm-none-eabi/10.3.1/thumb/v7e-m+fp/hard/crtbegin.o
 .eh_frame      0x000067a8        0x4 c:/program files (x86)/gnu arm embedded toolchain/10 2021.10/bin/../lib/gcc/arm-none-eabi/10.3.1/thumb/v7e-m+fp/hard/crtend.o

.glue_7         0x000067ac        0x0
 .glue_7        0x000067ac        0x0 linker stubs

.glue_7t        0x000067ac        0x0
 .glue_7t       0x000067ac        0x0 linker stubs

.vfp11_veneer   0x000067ac        0x0
 .vfp11_veneer  0x000067ac        0x0 linker stubs

.v4_bx          0x000067ac        0x0
 .v4_bx         0x000067ac        0x0 linker stubs

.iplt           0x000067ac        0x0
 .iplt          0x000067ac        0x0 c:/program files (x86)/gnu arm embedded toolchain/10 2021.10/bin/../lib/gcc/arm-none-eabi/10.3.1/thumb/v7e-m+fp/hard/crtbegin.o

.mem_section_dummy_rom

.log_const_data
                0x000067ac       0x28
                0x000067ac                PROVIDE (__start_log_const_data = .)
 *(SORT_BY_NAME(.log_const_data*))
 .log_const_data_PRS
                0x000067ac        0x8 _build/nrf52840_xxaa/nrfx_prs.c.o
                0x000067ac                m_nrf_log_PRS_logs_data_const
 .log_const_data_TWIM
                0x000067b4        0x8 _build/nrf52840_xxaa/nrfx_twim.c.o
                0x000067b4                m_nrf_log_TWIM_logs_data_const
 .log_const_data_UART
                0x000067bc        0x8 _build/nrf52840_xxaa/nrfx_uart.c.o
                0x000067bc                m_nrf_log_UART_logs_data_const
 .log_const_data_UARTE
                0x000067c4        0x8 _build/nrf52840_xxaa/nrfx_uarte.c.o
                0x000067c4                m_nrf_log_UARTE_logs_data_const
 .log_const_data_app
                0x000067cc        0x8 _build/nrf52840_xxaa/nrf_log_frontend.c.o
                0x000067cc                m_nrf_log_app_logs_data_const
                0x000067d4                PROVIDE (__stop_log_const_data = .)

.log_backends   0x000067d4       0x10
                [!provide]                PROVIDE (__start_log_backends = .)
 *(SORT_BY_NAME(.log_backends*))
 .log_backends  0x000067d4       0x10 _build/nrf52840_xxaa/nrf_log_default_backends.c.o
                [!provide]                PROVIDE (__stop_log_backends = .)

.nrf_balloc     0x000067e4       0x14
                [!provide]                PROVIDE (__start_nrf_balloc = .)
 *(.nrf_balloc)
 .nrf_balloc    0x000067e4       0x14 _build/nrf52840_xxaa/nrf_log_frontend.c.o
                0x000067e4                log_mempool
                [!provide]                PROVIDE (__stop_nrf_balloc = .)

.ARM.extab
 *(.ARM.extab* .gnu.linkonce.armextab.*)
                0x000067f8                __exidx_start = .

.ARM.exidx      0x000067f8        0x8
 *(.ARM.exidx* .gnu.linkonce.armexidx.*)
 .ARM.exidx     0x000067f8        0x8 c:/program files (x86)/gnu arm embedded toolchain/10 2021.10/bin/../lib/gcc/arm-none-eabi/10.3.1/../../../../arm-none-eabi/lib/thumb/v7e-m+fp/hard/crt0.o
                                 0x10 (size before relaxing)
                0x00006800                __exidx_end = .
                0x00006800                __etext = .

.rel.dyn        0x00006800        0x0
 .rel.iplt      0x00006800        0x0 c:/program files (x86)/gnu arm embedded toolchain/10 2021.10/bin/../lib/gcc/arm-none-eabi/10.3.1/thumb/v7e-m+fp/hard/crtbegin.o

.data           0x20000000       0x8c load address 0x00006800
                0x20000000                __data_start__ = .
 *(vtable)
 *(.data*)
 .data.m_uart   0x20000000       0x14 _build/nrf52840_xxaa/nrf_log_backend_uart.c.o
                0x20000000                m_uart
 .data.log_backend_cb_uart_log_backend
                0x20000014        0x8 _build/nrf52840_xxaa/nrf_log_default_backends.c.o
 .data.addres   0x2000001c        0x1 _build/nrf52840_xxaa/main.c.o
 *fill*         0x2000001d        0x3 
 .data.SystemCoreClock
                0x20000020        0x4 _build/nrf52840_xxaa/system_nrf52840.c.o
                0x20000020                SystemCoreClock
 .data.impure_data
                0x20000024       0x60 c:/program files (x86)/gnu arm embedded toolchain/10 2021.10/bin/../lib/gcc/arm-none-eabi/10.3.1/../../../../arm-none-eabi/lib/thumb/v7e-m+fp/hard\libc_nano.a(lib_a-impure.o)
                0x20000084                . = ALIGN (0x4)
                0x20000084                PROVIDE (__preinit_array_start = .)
 *(.preinit_array)
                0x20000084                PROVIDE (__preinit_array_end = .)
                0x20000084                . = ALIGN (0x4)
                0x20000084                PROVIDE (__init_array_start = .)
 *(SORT_BY_NAME(.init_array.*))
 *(.init_array)
 .init_array    0x20000084        0x4 c:/program files (x86)/gnu arm embedded toolchain/10 2021.10/bin/../lib/gcc/arm-none-eabi/10.3.1/thumb/v7e-m+fp/hard/crtbegin.o
                0x20000088                PROVIDE (__init_array_end = .)
                0x20000088                . = ALIGN (0x4)
                [!provide]                PROVIDE (__fini_array_start = .)
 *(SORT_BY_NAME(.fini_array.*))
 *(.fini_array)
 .fini_array    0x20000088        0x4 c:/program files (x86)/gnu arm embedded toolchain/10 2021.10/bin/../lib/gcc/arm-none-eabi/10.3.1/thumb/v7e-m+fp/hard/crtbegin.o
                [!provide]                PROVIDE (__fini_array_end = .)
 *(.jcr*)
                0x2000008c                . = ALIGN (0x4)
                0x2000008c                __data_end__ = .
LOAD c:/program files (x86)/gnu arm embedded toolchain/10 2021.10/bin/../lib/gcc/arm-none-eabi/10.3.1/thumb/v7e-m+fp/hard/crti.o
LOAD c:/program files (x86)/gnu arm embedded toolchain/10 2021.10/bin/../lib/gcc/arm-none-eabi/10.3.1/thumb/v7e-m+fp/hard/crtbegin.o
LOAD c:/program files (x86)/gnu arm embedded toolchain/10 2021.10/bin/../lib/gcc/arm-none-eabi/10.3.1/../../../../arm-none-eabi/lib/thumb/v7e-m+fp/hard/crt0.o
LOAD _build/nrf52840_xxaa/gcc_startup_nrf52840.S.o
LOAD _build/nrf52840_xxaa/nrf_log_backend_rtt.c.o
LOAD _build/nrf52840_xxaa/nrf_log_backend_serial.c.o
LOAD _build/nrf52840_xxaa/nrf_log_backend_uart.c.o
LOAD _build/nrf52840_xxaa/nrf_log_default_backends.c.o
LOAD _build/nrf52840_xxaa/nrf_log_frontend.c.o
LOAD _build/nrf52840_xxaa/nrf_log_str_formatter.c.o
LOAD _build/nrf52840_xxaa/boards.c.o
LOAD _build/nrf52840_xxaa/app_error.c.o
LOAD _build/nrf52840_xxaa/app_error_handler_gcc.c.o
LOAD _build/nrf52840_xxaa/app_error_weak.c.o
LOAD _build/nrf52840_xxaa/app_util_platform.c.o
LOAD _build/nrf52840_xxaa/nrf_assert.c.o
LOAD _build/nrf52840_xxaa/nrf_atomic.c.o
LOAD _build/nrf52840_xxaa/nrf_balloc.c.o
LOAD _build/nrf52840_xxaa/nrf_fprintf.c.o
LOAD _build/nrf52840_xxaa/nrf_fprintf_format.c.o
LOAD _build/nrf52840_xxaa/nrf_memobj.c.o
LOAD _build/nrf52840_xxaa/nrf_ringbuf.c.o
LOAD _build/nrf52840_xxaa/nrf_strerror.c.o
LOAD _build/nrf52840_xxaa/nrf_drv_twi.c.o
LOAD _build/nrf52840_xxaa/nrf_drv_uart.c.o
LOAD _build/nrf52840_xxaa/nrfx_atomic.c.o
LOAD _build/nrf52840_xxaa/nrfx_prs.c.o
LOAD _build/nrf52840_xxaa/nrfx_twi.c.o
LOAD _build/nrf52840_xxaa/nrfx_twim.c.o
LOAD _build/nrf52840_xxaa/nrfx_uart.c.o
LOAD _build/nrf52840_xxaa/nrfx_uarte.c.o
LOAD _build/nrf52840_xxaa/main.c.o
LOAD _build/nrf52840_xxaa/bme68x.c.o
LOAD _build/nrf52840_xxaa/SEGGER_RTT.c.o
LOAD _build/nrf52840_xxaa/SEGGER_RTT_Syscalls_GCC.c.o
LOAD _build/nrf52840_xxaa/SEGGER_RTT_printf.c.o
LOAD _build/nrf52840_xxaa/system_nrf52840.c.o
LOAD c:/program files (x86)/gnu arm embedded toolchain/10 2021.10/bin/../lib/gcc/arm-none-eabi/10.3.1/../../../../arm-none-eabi/lib/thumb/v7e-m+fp/hard\libc_nano.a
LOAD c:/program files (x86)/gnu arm embedded toolchain/10 2021.10/bin/../lib/gcc/arm-none-eabi/10.3.1/../../../../arm-none-eabi/lib/thumb/v7e-m+fp/hard\libnosys.a
LOAD c:/program files (x86)/gnu arm embedded toolchain/10 2021.10/bin/../lib/gcc/arm-none-eabi/10.3.1/../../../../arm-none-eabi/lib/thumb/v7e-m+fp/hard\libm.a
LOAD c:/program files (x86)/gnu arm embedded toolchain/10 2021.10/bin/../lib/gcc/arm-none-eabi/10.3.1/../../../../arm-none-eabi/lib/thumb/v7e-m+fp/hard\libstdc++_nano.a
START GROUP
LOAD c:/program files (x86)/gnu arm embedded toolchain/10 2021.10/bin/../lib/gcc/arm-none-eabi/10.3.1/thumb/v7e-m+fp/hard\libgcc.a
LOAD c:/program files (x86)/gnu arm embedded toolchain/10 2021.10/bin/../lib/gcc/arm-none-eabi/10.3.1/../../../../arm-none-eabi/lib/thumb/v7e-m+fp/hard\libg_nano.a
LOAD c:/program files (x86)/gnu arm embedded toolchain/10 2021.10/bin/../lib/gcc/arm-none-eabi/10.3.1/../../../../arm-none-eabi/lib/thumb/v7e-m+fp/hard\libc_nano.a
END GROUP
START GROUP
LOAD c:/program files (x86)/gnu arm embedded toolchain/10 2021.10/bin/../lib/gcc/arm-none-eabi/10.3.1/thumb/v7e-m+fp/hard\libgcc.a
LOAD c:/program files (x86)/gnu arm embedded toolchain/10 2021.10/bin/../lib/gcc/arm-none-eabi/10.3.1/../../../../arm-none-eabi/lib/thumb/v7e-m+fp/hard\libc_nano.a
END GROUP
LOAD c:/program files (x86)/gnu arm embedded toolchain/10 2021.10/bin/../lib/gcc/arm-none-eabi/10.3.1/thumb/v7e-m+fp/hard/crtend.o
LOAD c:/program files (x86)/gnu arm embedded toolchain/10 2021.10/bin/../lib/gcc/arm-none-eabi/10.3.1/thumb/v7e-m+fp/hard/crtn.o
START GROUP
LOAD c:/program files (x86)/gnu arm embedded toolchain/10 2021.10/bin/../lib/gcc/arm-none-eabi/10.3.1/thumb/v7e-m+fp/hard\libgcc.a
LOAD c:/program files (x86)/gnu arm embedded toolchain/10 2021.10/bin/../lib/gcc/arm-none-eabi/10.3.1/../../../../arm-none-eabi/lib/thumb/v7e-m+fp/hard\libc.a
LOAD c:/program files (x86)/gnu arm embedded toolchain/10 2021.10/bin/../lib/gcc/arm-none-eabi/10.3.1/../../../../arm-none-eabi/lib/thumb/v7e-m+fp/hard\libnosys.a
END GROUP

.igot.plt       0x2000008c        0x0 load address 0x0000688c
 .igot.plt      0x2000008c        0x0 c:/program files (x86)/gnu arm embedded toolchain/10 2021.10/bin/../lib/gcc/arm-none-eabi/10.3.1/thumb/v7e-m+fp/hard/crtbegin.o
                0x2000008c                . = ALIGN (0x4)

.mem_section_dummy_ram

.log_dynamic_data
                0x2000008c        0x0
                0x2000008c                PROVIDE (__start_log_dynamic_data = .)
 *(SORT_BY_NAME(.log_dynamic_data*))
                [!provide]                PROVIDE (__stop_log_dynamic_data = .)

.log_filter_data
                0x2000008c        0x0
                [!provide]                PROVIDE (__start_log_filter_data = .)
 *(SORT_BY_NAME(.log_filter_data*))
                [!provide]                PROVIDE (__stop_log_filter_data = .)

.bss            0x20000090      0x760 load address 0x00006890
                0x20000090                . = ALIGN (0x4)
                0x20000090                __bss_start__ = .
 *(.bss*)
 .bss           0x20000090       0x1c c:/program files (x86)/gnu arm embedded toolchain/10 2021.10/bin/../lib/gcc/arm-none-eabi/10.3.1/thumb/v7e-m+fp/hard/crtbegin.o
 .bss.m_async_mode
                0x200000ac        0x1 _build/nrf52840_xxaa/nrf_log_backend_uart.c.o
 *fill*         0x200000ad        0x3 
 .bss.m_string_buff
                0x200000b0       0x40 _build/nrf52840_xxaa/nrf_log_backend_uart.c.o
 .bss.m_xfer_done
                0x200000f0        0x1 _build/nrf52840_xxaa/nrf_log_backend_uart.c.o
 *fill*         0x200000f1        0x3 
 .bss.log_mempool_nrf_balloc_cb
                0x200000f4        0x8 _build/nrf52840_xxaa/nrf_log_frontend.c.o
 .bss.log_mempool_nrf_balloc_pool_mem
                0x200000fc       0xc0 _build/nrf52840_xxaa/nrf_log_frontend.c.o
 .bss.log_mempool_nrf_balloc_pool_stack
                0x200001bc        0x8 _build/nrf52840_xxaa/nrf_log_frontend.c.o
 .bss.m_log_data
                0x200001c4      0x424 _build/nrf52840_xxaa/nrf_log_frontend.c.o
 .bss.m_log_push_ringbuf_buf
                0x200005e8       0x80 _build/nrf52840_xxaa/nrf_log_frontend.c.o
 .bss.m_log_push_ringbuf_cb
                0x20000668       0x18 _build/nrf52840_xxaa/nrf_log_frontend.c.o
 .bss.m_in_critical_region
                0x20000680        0x4 _build/nrf52840_xxaa/app_util_platform.c.o
 .bss.m_contexts
                0x20000684        0x8 _build/nrf52840_xxaa/nrf_drv_twi.c.o
 .bss.m_handlers
                0x2000068c        0x8 _build/nrf52840_xxaa/nrf_drv_twi.c.o
 .bss.m_contexts
                0x20000694        0x8 _build/nrf52840_xxaa/nrf_drv_uart.c.o
 .bss.m_handlers
                0x2000069c        0x8 _build/nrf52840_xxaa/nrf_drv_uart.c.o
 .bss.nrf_drv_uart_use_easy_dma
                0x200006a4        0x2 _build/nrf52840_xxaa/nrf_drv_uart.c.o
                0x200006a4                nrf_drv_uart_use_easy_dma
 *fill*         0x200006a6        0x2 
 .bss.m_prs_box_4
                0x200006a8        0x8 _build/nrf52840_xxaa/nrfx_prs.c.o
 .bss.m_cb      0x200006b0       0x68 _build/nrf52840_xxaa/nrfx_twim.c.o
 .bss.m_cb      0x20000718       0x2c _build/nrf52840_xxaa/nrfx_uart.c.o
 *fill*         0x20000744        0x4 
 .bss.m_cb      0x20000748       0x24 _build/nrf52840_xxaa/nrfx_uarte.c.o
 .bss.bme       0x2000076c       0x50 _build/nrf52840_xxaa/main.c.o
 .bss.bme_conf  0x200007bc        0x5 _build/nrf52840_xxaa/main.c.o
 *fill*         0x200007c1        0x3 
 .bss.bme_data  0x200007c4       0x18 _build/nrf52840_xxaa/main.c.o
 .bss.bme_heatr_conf
                0x200007dc       0x14 _build/nrf52840_xxaa/main.c.o
 *(COMMON)
                0x200007f0                . = ALIGN (0x4)
                0x200007f0                __bss_end__ = .

.heap           0x200007f0     0x2000
                0x200007f0                __HeapBase = .
                0x200007f0                __end__ = .
                [!provide]                PROVIDE (end = .)
 *(.heap*)
 .heap          0x200007f0     0x2000 _build/nrf52840_xxaa/gcc_startup_nrf52840.S.o
                0x200027f0                __HeapLimit = .

.stack_dummy    0x200007f0     0x2000
 *(.stack*)
 .stack         0x200007f0     0x2000 _build/nrf52840_xxaa/gcc_startup_nrf52840.S.o
                0x20040000                __StackTop = (ORIGIN (RAM) + LENGTH (RAM))
                0x2003e000                __StackLimit = (__StackTop - SIZEOF (.stack_dummy))
                0x20040000                PROVIDE (__stack = __StackTop)
                0x00000001                ASSERT ((__StackLimit >= __HeapLimit), region RAM overflowed with stack)
                0x00000090                DataInitFlashUsed = (__bss_start__ - __data_start__)
                0x00006800                CodeFlashUsed = (__etext - ORIGIN (FLASH))
                0x00006890                TotalFlashUsed = (CodeFlashUsed + DataInitFlashUsed)
                0x00000001                ASSERT ((TotalFlashUsed <= LENGTH (FLASH)), region FLASH overflowed with .data and user data)
OUTPUT(_build/nrf52840_xxaa.out elf32-littlearm)
LOAD linker stubs

.ARM.attributes
                0x00000000       0x30
 .ARM.attributes
                0x00000000       0x1e c:/program files (x86)/gnu arm embedded toolchain/10 2021.10/bin/../lib/gcc/arm-none-eabi/10.3.1/thumb/v7e-m+fp/hard/crti.o
 .ARM.attributes
                0x0000001e       0x34 c:/program files (x86)/gnu arm embedded toolchain/10 2021.10/bin/../lib/gcc/arm-none-eabi/10.3.1/thumb/v7e-m+fp/hard/crtbegin.o
 .ARM.attributes
                0x00000052       0x1c c:/program files (x86)/gnu arm embedded toolchain/10 2021.10/bin/../lib/gcc/arm-none-eabi/10.3.1/../../../../arm-none-eabi/lib/thumb/v7e-m+fp/hard/crt0.o
 .ARM.attributes
                0x0000006e       0x20 _build/nrf52840_xxaa/gcc_startup_nrf52840.S.o
 .ARM.attributes
                0x0000008e       0x34 _build/nrf52840_xxaa/nrf_log_backend_serial.c.o
 .ARM.attributes
                0x000000c2       0x34 _build/nrf52840_xxaa/nrf_log_backend_uart.c.o
 .ARM.attributes
                0x000000f6       0x34 _build/nrf52840_xxaa/nrf_log_default_backends.c.o
 .ARM.attributes
                0x0000012a       0x34 _build/nrf52840_xxaa/nrf_log_frontend.c.o
 .ARM.attributes
                0x0000015e       0x34 _build/nrf52840_xxaa/nrf_log_str_formatter.c.o
 .ARM.attributes
                0x00000192       0x34 _build/nrf52840_xxaa/app_error.c.o
 .ARM.attributes
                0x000001c6       0x34 _build/nrf52840_xxaa/app_error_weak.c.o
 .ARM.attributes
                0x000001fa       0x34 _build/nrf52840_xxaa/app_util_platform.c.o
 .ARM.attributes
                0x0000022e       0x34 _build/nrf52840_xxaa/nrf_atomic.c.o
 .ARM.attributes
                0x00000262       0x34 _build/nrf52840_xxaa/nrf_balloc.c.o
 .ARM.attributes
                0x00000296       0x34 _build/nrf52840_xxaa/nrf_fprintf.c.o
 .ARM.attributes
                0x000002ca       0x34 _build/nrf52840_xxaa/nrf_fprintf_format.c.o
 .ARM.attributes
                0x000002fe       0x34 _build/nrf52840_xxaa/nrf_memobj.c.o
 .ARM.attributes
                0x00000332       0x34 _build/nrf52840_xxaa/nrf_ringbuf.c.o
 .ARM.attributes
                0x00000366       0x34 _build/nrf52840_xxaa/nrf_drv_twi.c.o
 .ARM.attributes
                0x0000039a       0x34 _build/nrf52840_xxaa/nrf_drv_uart.c.o
 .ARM.attributes
                0x000003ce       0x34 _build/nrf52840_xxaa/nrfx_prs.c.o
 .ARM.attributes
                0x00000402       0x34 _build/nrf52840_xxaa/nrfx_twim.c.o
 .ARM.attributes
                0x00000436       0x34 _build/nrf52840_xxaa/nrfx_uart.c.o
 .ARM.attributes
                0x0000046a       0x34 _build/nrf52840_xxaa/nrfx_uarte.c.o
 .ARM.attributes
                0x0000049e       0x34 _build/nrf52840_xxaa/main.c.o
 .ARM.attributes
                0x000004d2       0x34 _build/nrf52840_xxaa/bme68x.c.o
 .ARM.attributes
                0x00000506       0x34 _build/nrf52840_xxaa/system_nrf52840.c.o
 .ARM.attributes
                0x0000053a       0x34 c:/program files (x86)/gnu arm embedded toolchain/10 2021.10/bin/../lib/gcc/arm-none-eabi/10.3.1/../../../../arm-none-eabi/lib/thumb/v7e-m+fp/hard\libc_nano.a(lib_a-ctype_.o)
 .ARM.attributes
                0x0000056e       0x34 c:/program files (x86)/gnu arm embedded toolchain/10 2021.10/bin/../lib/gcc/arm-none-eabi/10.3.1/../../../../arm-none-eabi/lib/thumb/v7e-m+fp/hard\libc_nano.a(lib_a-exit.o)
 .ARM.attributes
                0x000005a2       0x34 c:/program files (x86)/gnu arm embedded toolchain/10 2021.10/bin/../lib/gcc/arm-none-eabi/10.3.1/../../../../arm-none-eabi/lib/thumb/v7e-m+fp/hard\libc_nano.a(lib_a-impure.o)
 .ARM.attributes
                0x000005d6       0x34 c:/program files (x86)/gnu arm embedded toolchain/10 2021.10/bin/../lib/gcc/arm-none-eabi/10.3.1/../../../../arm-none-eabi/lib/thumb/v7e-m+fp/hard\libc_nano.a(lib_a-init.o)
 .ARM.attributes
                0x0000060a       0x34 c:/program files (x86)/gnu arm embedded toolchain/10 2021.10/bin/../lib/gcc/arm-none-eabi/10.3.1/../../../../arm-none-eabi/lib/thumb/v7e-m+fp/hard\libc_nano.a(lib_a-memcpy-stub.o)
 .ARM.attributes
                0x0000063e       0x34 c:/program files (x86)/gnu arm embedded toolchain/10 2021.10/bin/../lib/gcc/arm-none-eabi/10.3.1/../../../../arm-none-eabi/lib/thumb/v7e-m+fp/hard\libc_nano.a(lib_a-memset.o)
 .ARM.attributes
                0x00000672       0x17 c:/program files (x86)/gnu arm embedded toolchain/10 2021.10/bin/../lib/gcc/arm-none-eabi/10.3.1/../../../../arm-none-eabi/lib/thumb/v7e-m+fp/hard\libc_nano.a(lib_a-strlen.o)
 .ARM.attributes
                0x00000689       0x34 c:/program files (x86)/gnu arm embedded toolchain/10 2021.10/bin/../lib/gcc/arm-none-eabi/10.3.1/../../../../arm-none-eabi/lib/thumb/v7e-m+fp/hard\libnosys.a(_exit.o)
 .ARM.attributes
                0x000006bd       0x34 c:/program files (x86)/gnu arm embedded toolchain/10 2021.10/bin/../lib/gcc/arm-none-eabi/10.3.1/thumb/v7e-m+fp/hard/crtend.o
 .ARM.attributes
                0x000006f1       0x1e c:/program files (x86)/gnu arm embedded toolchain/10 2021.10/bin/../lib/gcc/arm-none-eabi/10.3.1/thumb/v7e-m+fp/hard/crtn.o

.comment        0x00000000       0x49
 .comment       0x00000000       0x49 _build/nrf52840_xxaa/nrf_log_backend_serial.c.o
                                 0x4a (size before relaxing)
 .comment       0x00000049       0x4a _build/nrf52840_xxaa/nrf_log_backend_uart.c.o
 .comment       0x00000049       0x4a _build/nrf52840_xxaa/nrf_log_default_backends.c.o
 .comment       0x00000049       0x4a _build/nrf52840_xxaa/nrf_log_frontend.c.o
 .comment       0x00000049       0x4a _build/nrf52840_xxaa/nrf_log_str_formatter.c.o
 .comment       0x00000049       0x4a _build/nrf52840_xxaa/app_error.c.o
 .comment       0x00000049       0x4a _build/nrf52840_xxaa/app_error_weak.c.o
 .comment       0x00000049       0x4a _build/nrf52840_xxaa/app_util_platform.c.o
 .comment       0x00000049       0x4a _build/nrf52840_xxaa/nrf_atomic.c.o
 .comment       0x00000049       0x4a _build/nrf52840_xxaa/nrf_balloc.c.o
 .comment       0x00000049       0x4a _build/nrf52840_xxaa/nrf_fprintf.c.o
 .comment       0x00000049       0x4a _build/nrf52840_xxaa/nrf_fprintf_format.c.o
 .comment       0x00000049       0x4a _build/nrf52840_xxaa/nrf_memobj.c.o
 .comment       0x00000049       0x4a _build/nrf52840_xxaa/nrf_ringbuf.c.o
 .comment       0x00000049       0x4a _build/nrf52840_xxaa/nrf_drv_twi.c.o
 .comment       0x00000049       0x4a _build/nrf52840_xxaa/nrf_drv_uart.c.o
 .comment       0x00000049       0x4a _build/nrf52840_xxaa/nrfx_prs.c.o
 .comment       0x00000049       0x4a _build/nrf52840_xxaa/nrfx_twim.c.o
 .comment       0x00000049       0x4a _build/nrf52840_xxaa/nrfx_uart.c.o
 .comment       0x00000049       0x4a _build/nrf52840_xxaa/nrfx_uarte.c.o
 .comment       0x00000049       0x4a _build/nrf52840_xxaa/main.c.o
 .comment       0x00000049       0x4a _build/nrf52840_xxaa/bme68x.c.o
 .comment       0x00000049       0x4a _build/nrf52840_xxaa/system_nrf52840.c.o

.debug_line     0x00000000    0x17ca8
 .debug_line    0x00000000       0x89 _build/nrf52840_xxaa/gcc_startup_nrf52840.S.o
 .debug_line    0x00000089      0x8d4 _build/nrf52840_xxaa/nrf_log_backend_serial.c.o
 .debug_line    0x0000095d      0xbe5 _build/nrf52840_xxaa/nrf_log_backend_uart.c.o
 .debug_line    0x00001542      0x7b3 _build/nrf52840_xxaa/nrf_log_default_backends.c.o
 .debug_line    0x00001cf5     0x20d9 _build/nrf52840_xxaa/nrf_log_frontend.c.o
 .debug_line    0x00003dce      0xa18 _build/nrf52840_xxaa/nrf_log_str_formatter.c.o
 .debug_line    0x000047e6      0x5e5 _build/nrf52840_xxaa/app_error.c.o
 .debug_line    0x00004dcb      0x89b _build/nrf52840_xxaa/app_error_weak.c.o
 .debug_line    0x00005666      0x6a5 _build/nrf52840_xxaa/app_util_platform.c.o
 .debug_line    0x00005d0b      0x8ea _build/nrf52840_xxaa/nrf_atomic.c.o
 .debug_line    0x000065f5      0x910 _build/nrf52840_xxaa/nrf_balloc.c.o
 .debug_line    0x00006f05      0x5b8 _build/nrf52840_xxaa/nrf_fprintf.c.o
 .debug_line    0x000074bd     0x1014 _build/nrf52840_xxaa/nrf_fprintf_format.c.o
 .debug_line    0x000084d1      0xbaf _build/nrf52840_xxaa/nrf_memobj.c.o
 .debug_line    0x00009080      0x9fc _build/nrf52840_xxaa/nrf_ringbuf.c.o
 .debug_line    0x00009a7c      0xbaf _build/nrf52840_xxaa/nrf_drv_twi.c.o
 .debug_line    0x0000a62b      0x86a _build/nrf52840_xxaa/nrf_drv_uart.c.o
 .debug_line    0x0000ae95      0x962 _build/nrf52840_xxaa/nrfx_prs.c.o
 .debug_line    0x0000b7f7     0x28f6 _build/nrf52840_xxaa/nrfx_twim.c.o
 .debug_line    0x0000e0ed     0x1eef _build/nrf52840_xxaa/nrfx_uart.c.o
 .debug_line    0x0000ffdc     0x1d91 _build/nrf52840_xxaa/nrfx_uarte.c.o
 .debug_line    0x00011d6d     0x152d _build/nrf52840_xxaa/main.c.o
 .debug_line    0x0001329a     0x435b _build/nrf52840_xxaa/bme68x.c.o
 .debug_line    0x000175f5      0x6b3 _build/nrf52840_xxaa/system_nrf52840.c.o

.debug_info     0x00000000    0x1fc3a
 .debug_info    0x00000000       0x26 _build/nrf52840_xxaa/gcc_startup_nrf52840.S.o
 .debug_info    0x00000026      0x7ce _build/nrf52840_xxaa/nrf_log_backend_serial.c.o
 .debug_info    0x000007f4     0x11ee _build/nrf52840_xxaa/nrf_log_backend_uart.c.o
 .debug_info    0x000019e2      0x303 _build/nrf52840_xxaa/nrf_log_default_backends.c.o
 .debug_info    0x00001ce5     0x348f _build/nrf52840_xxaa/nrf_log_frontend.c.o
 .debug_info    0x00005174      0x865 _build/nrf52840_xxaa/nrf_log_str_formatter.c.o
 .debug_info    0x000059d9      0x2db _build/nrf52840_xxaa/app_error.c.o
 .debug_info    0x00005cb4      0x4d9 _build/nrf52840_xxaa/app_error_weak.c.o
 .debug_info    0x0000618d      0x826 _build/nrf52840_xxaa/app_util_platform.c.o
 .debug_info    0x000069b3      0xae3 _build/nrf52840_xxaa/nrf_atomic.c.o
 .debug_info    0x00007496      0x3da _build/nrf52840_xxaa/nrf_balloc.c.o
 .debug_info    0x00007870      0x24b _build/nrf52840_xxaa/nrf_fprintf.c.o
 .debug_info    0x00007abb      0xc73 _build/nrf52840_xxaa/nrf_fprintf_format.c.o
 .debug_info    0x0000872e      0xb78 _build/nrf52840_xxaa/nrf_memobj.c.o
 .debug_info    0x000092a6      0x638 _build/nrf52840_xxaa/nrf_ringbuf.c.o
 .debug_info    0x000098de     0x175c _build/nrf52840_xxaa/nrf_drv_twi.c.o
 .debug_info    0x0000b03a     0x11eb _build/nrf52840_xxaa/nrf_drv_uart.c.o
 .debug_info    0x0000c225      0x801 _build/nrf52840_xxaa/nrfx_prs.c.o
 .debug_info    0x0000ca26     0x42b6 _build/nrf52840_xxaa/nrfx_twim.c.o
 .debug_info    0x00010cdc     0x3912 _build/nrf52840_xxaa/nrfx_uart.c.o
 .debug_info    0x000145ee     0x37f7 _build/nrf52840_xxaa/nrfx_uarte.c.o
 .debug_info    0x00017de5     0x21b4 _build/nrf52840_xxaa/main.c.o
 .debug_info    0x00019f99     0x47ad _build/nrf52840_xxaa/bme68x.c.o
 .debug_info    0x0001e746     0x14f4 _build/nrf52840_xxaa/system_nrf52840.c.o

.debug_abbrev   0x00000000     0x4209
 .debug_abbrev  0x00000000       0x14 _build/nrf52840_xxaa/gcc_startup_nrf52840.S.o
 .debug_abbrev  0x00000014      0x202 _build/nrf52840_xxaa/nrf_log_backend_serial.c.o
 .debug_abbrev  0x00000216      0x38d _build/nrf52840_xxaa/nrf_log_backend_uart.c.o
 .debug_abbrev  0x000005a3      0x190 _build/nrf52840_xxaa/nrf_log_default_backends.c.o
 .debug_abbrev  0x00000733      0x5b4 _build/nrf52840_xxaa/nrf_log_frontend.c.o
 .debug_abbrev  0x00000ce7      0x21a _build/nrf52840_xxaa/nrf_log_str_formatter.c.o
 .debug_abbrev  0x00000f01      0x13b _build/nrf52840_xxaa/app_error.c.o
 .debug_abbrev  0x0000103c      0x204 _build/nrf52840_xxaa/app_error_weak.c.o
 .debug_abbrev  0x00001240      0x265 _build/nrf52840_xxaa/app_util_platform.c.o
 .debug_abbrev  0x000014a5      0x205 _build/nrf52840_xxaa/nrf_atomic.c.o
 .debug_abbrev  0x000016aa      0x1f7 _build/nrf52840_xxaa/nrf_balloc.c.o
 .debug_abbrev  0x000018a1      0x143 _build/nrf52840_xxaa/nrf_fprintf.c.o
 .debug_abbrev  0x000019e4      0x2d2 _build/nrf52840_xxaa/nrf_fprintf_format.c.o
 .debug_abbrev  0x00001cb6      0x285 _build/nrf52840_xxaa/nrf_memobj.c.o
 .debug_abbrev  0x00001f3b      0x166 _build/nrf52840_xxaa/nrf_ringbuf.c.o
 .debug_abbrev  0x000020a1      0x3b3 _build/nrf52840_xxaa/nrf_drv_twi.c.o
 .debug_abbrev  0x00002454      0x22a _build/nrf52840_xxaa/nrf_drv_uart.c.o
 .debug_abbrev  0x0000267e      0x27b _build/nrf52840_xxaa/nrfx_prs.c.o
 .debug_abbrev  0x000028f9      0x4c8 _build/nrf52840_xxaa/nrfx_twim.c.o
 .debug_abbrev  0x00002dc1      0x4cb _build/nrf52840_xxaa/nrfx_uart.c.o
 .debug_abbrev  0x0000328c      0x48e _build/nrf52840_xxaa/nrfx_uarte.c.o
 .debug_abbrev  0x0000371a      0x4d1 _build/nrf52840_xxaa/main.c.o
 .debug_abbrev  0x00003beb      0x402 _build/nrf52840_xxaa/bme68x.c.o
 .debug_abbrev  0x00003fed      0x21c _build/nrf52840_xxaa/system_nrf52840.c.o

.debug_aranges  0x00000000      0x710
 .debug_aranges
                0x00000000       0x20 _build/nrf52840_xxaa/gcc_startup_nrf52840.S.o
 .debug_aranges
                0x00000020       0x20 _build/nrf52840_xxaa/nrf_log_backend_serial.c.o
 .debug_aranges
                0x00000040       0x48 _build/nrf52840_xxaa/nrf_log_backend_uart.c.o
 .debug_aranges
                0x00000088       0x20 _build/nrf52840_xxaa/nrf_log_default_backends.c.o
 .debug_aranges
                0x000000a8       0xc0 _build/nrf52840_xxaa/nrf_log_frontend.c.o
 .debug_aranges
                0x00000168       0x38 _build/nrf52840_xxaa/nrf_log_str_formatter.c.o
 .debug_aranges
                0x000001a0       0x28 _build/nrf52840_xxaa/app_error.c.o
 .debug_aranges
                0x000001c8       0x20 _build/nrf52840_xxaa/app_error_weak.c.o
 .debug_aranges
                0x000001e8       0x48 _build/nrf52840_xxaa/app_util_platform.c.o
 .debug_aranges
                0x00000230       0xb0 _build/nrf52840_xxaa/nrf_atomic.c.o
 .debug_aranges
                0x000002e0       0x30 _build/nrf52840_xxaa/nrf_balloc.c.o
 .debug_aranges
                0x00000310       0x28 _build/nrf52840_xxaa/nrf_fprintf.c.o
 .debug_aranges
                0x00000338       0x28 _build/nrf52840_xxaa/nrf_fprintf_format.c.o
 .debug_aranges
                0x00000360       0x50 _build/nrf52840_xxaa/nrf_memobj.c.o
 .debug_aranges
                0x000003b0       0x50 _build/nrf52840_xxaa/nrf_ringbuf.c.o
 .debug_aranges
                0x00000400       0x28 _build/nrf52840_xxaa/nrf_drv_twi.c.o
 .debug_aranges
                0x00000428       0x30 _build/nrf52840_xxaa/nrf_drv_uart.c.o
 .debug_aranges
                0x00000458       0x30 _build/nrf52840_xxaa/nrfx_prs.c.o
 .debug_aranges
                0x00000488       0x80 _build/nrf52840_xxaa/nrfx_twim.c.o
 .debug_aranges
                0x00000508       0x78 _build/nrf52840_xxaa/nrfx_uart.c.o
 .debug_aranges
                0x00000580       0x68 _build/nrf52840_xxaa/nrfx_uarte.c.o
 .debug_aranges
                0x000005e8       0x60 _build/nrf52840_xxaa/main.c.o
 .debug_aranges
                0x00000648       0xa0 _build/nrf52840_xxaa/bme68x.c.o
 .debug_aranges
                0x000006e8       0x28 _build/nrf52840_xxaa/system_nrf52840.c.o

.debug_str      0x00000000    0x93d55
 .debug_str     0x00000000       0xa9 _build/nrf52840_xxaa/gcc_startup_nrf52840.S.o
 .debug_str     0x000000a9    0x846ee _build/nrf52840_xxaa/nrf_log_backend_serial.c.o
                              0x85b30 (size before relaxing)
 .debug_str     0x00084797     0x4550 _build/nrf52840_xxaa/nrf_log_backend_uart.c.o
                              0x89b11 (size before relaxing)
 .debug_str     0x00088ce7      0x126 _build/nrf52840_xxaa/nrf_log_default_backends.c.o
                              0x858d2 (size before relaxing)
 .debug_str     0x00088e0d     0x1483 _build/nrf52840_xxaa/nrf_log_frontend.c.o
                              0x86ec0 (size before relaxing)
 .debug_str     0x0008a290      0x6a6 _build/nrf52840_xxaa/nrf_log_str_formatter.c.o
                              0x85fb5 (size before relaxing)
 .debug_str     0x0008a936       0xf4 _build/nrf52840_xxaa/app_error.c.o
                              0x77b2c (size before relaxing)
 .debug_str     0x0008aa2a       0xd9 _build/nrf52840_xxaa/app_error_weak.c.o
                              0x85f8e (size before relaxing)
 .debug_str     0x0008ab03      0x405 _build/nrf52840_xxaa/app_util_platform.c.o
                              0x78390 (size before relaxing)
 .debug_str     0x0008af08      0x6bf _build/nrf52840_xxaa/nrf_atomic.c.o
                              0x81bc5 (size before relaxing)
 .debug_str     0x0008b5c7      0x13f _build/nrf52840_xxaa/nrf_balloc.c.o
                              0x85931 (size before relaxing)
 .debug_str     0x0008b706      0x144 _build/nrf52840_xxaa/nrf_fprintf.c.o
                              0x8180a (size before relaxing)
 .debug_str     0x0008b84a      0x511 _build/nrf52840_xxaa/nrf_fprintf_format.c.o
                              0x81d19 (size before relaxing)
 .debug_str     0x0008bd5b      0x1a3 _build/nrf52840_xxaa/nrf_memobj.c.o
                              0x83cf5 (size before relaxing)
 .debug_str     0x0008befe       0xe2 _build/nrf52840_xxaa/nrf_ringbuf.c.o
                              0x825cc (size before relaxing)
 .debug_str     0x0008bfe0     0x1cbe _build/nrf52840_xxaa/nrf_drv_twi.c.o
                              0x86f8a (size before relaxing)
 .debug_str     0x0008dc9e      0x451 _build/nrf52840_xxaa/nrf_drv_uart.c.o
                              0x86578 (size before relaxing)
 .debug_str     0x0008e0ef      0x61d _build/nrf52840_xxaa/nrfx_prs.c.o
                              0x886b3 (size before relaxing)
 .debug_str     0x0008e70c     0x113b _build/nrf52840_xxaa/nrfx_twim.c.o
                              0x8a28a (size before relaxing)
 .debug_str     0x0008f847      0x6ac _build/nrf52840_xxaa/nrfx_uart.c.o
                              0x898a8 (size before relaxing)
 .debug_str     0x0008fef3      0x930 _build/nrf52840_xxaa/nrfx_uarte.c.o
                              0x89d3b (size before relaxing)
 .debug_str     0x00090823     0x2af0 _build/nrf52840_xxaa/main.c.o
                              0x8d5ed (size before relaxing)
 .debug_str     0x00093313      0x483 _build/nrf52840_xxaa/bme68x.c.o
                               0x8bb7 (size before relaxing)
 .debug_str     0x00093796      0x5bf _build/nrf52840_xxaa/system_nrf52840.c.o
                              0x73b9e (size before relaxing)

.debug_loc      0x00000000    0x17b19
 .debug_loc     0x00000000      0x1b3 _build/nrf52840_xxaa/nrf_log_backend_serial.c.o
 .debug_loc     0x000001b3      0x334 _build/nrf52840_xxaa/nrf_log_backend_uart.c.o
 .debug_loc     0x000004e7       0x31 _build/nrf52840_xxaa/nrf_log_default_backends.c.o
 .debug_loc     0x00000518     0x3337 _build/nrf52840_xxaa/nrf_log_frontend.c.o
 .debug_loc     0x0000384f      0x45d _build/nrf52840_xxaa/nrf_log_str_formatter.c.o
 .debug_loc     0x00003cac       0xc8 _build/nrf52840_xxaa/app_error.c.o
 .debug_loc     0x00003d74       0x6f _build/nrf52840_xxaa/app_error_weak.c.o
 .debug_loc     0x00003de3      0x11a _build/nrf52840_xxaa/app_util_platform.c.o
 .debug_loc     0x00003efd      0x587 _build/nrf52840_xxaa/nrf_atomic.c.o
 .debug_loc     0x00004484      0x22b _build/nrf52840_xxaa/nrf_balloc.c.o
 .debug_loc     0x000046af       0x54 _build/nrf52840_xxaa/nrf_fprintf.c.o
 .debug_loc     0x00004703     0x100f _build/nrf52840_xxaa/nrf_fprintf_format.c.o
 .debug_loc     0x00005712      0xfa8 _build/nrf52840_xxaa/nrf_memobj.c.o
 .debug_loc     0x000066ba      0x6c0 _build/nrf52840_xxaa/nrf_ringbuf.c.o
 .debug_loc     0x00006d7a      0x6bb _build/nrf52840_xxaa/nrf_drv_twi.c.o
 .debug_loc     0x00007435      0x1d6 _build/nrf52840_xxaa/nrf_drv_uart.c.o
 .debug_loc     0x0000760b      0x10e _build/nrf52840_xxaa/nrfx_prs.c.o
 .debug_loc     0x00007719     0x31de _build/nrf52840_xxaa/nrfx_twim.c.o
 .debug_loc     0x0000a8f7     0x1efa _build/nrf52840_xxaa/nrfx_uart.c.o
 .debug_loc     0x0000c7f1     0x1f52 _build/nrf52840_xxaa/nrfx_uarte.c.o
 .debug_loc     0x0000e743      0xa60 _build/nrf52840_xxaa/main.c.o
 .debug_loc     0x0000f1a3     0x8976 _build/nrf52840_xxaa/bme68x.c.o

.debug_ranges   0x00000000     0x39f8
 .debug_ranges  0x00000000       0x28 _build/nrf52840_xxaa/nrf_log_backend_serial.c.o
 .debug_ranges  0x00000028      0x110 _build/nrf52840_xxaa/nrf_log_backend_uart.c.o
 .debug_ranges  0x00000138       0x10 _build/nrf52840_xxaa/nrf_log_default_backends.c.o
 .debug_ranges  0x00000148      0x7d0 _build/nrf52840_xxaa/nrf_log_frontend.c.o
 .debug_ranges  0x00000918       0xa0 _build/nrf52840_xxaa/nrf_log_str_formatter.c.o
 .debug_ranges  0x000009b8       0x18 _build/nrf52840_xxaa/app_error.c.o
 .debug_ranges  0x000009d0       0x28 _build/nrf52840_xxaa/app_error_weak.c.o
 .debug_ranges  0x000009f8       0x50 _build/nrf52840_xxaa/app_util_platform.c.o
 .debug_ranges  0x00000a48      0x228 _build/nrf52840_xxaa/nrf_atomic.c.o
 .debug_ranges  0x00000c70       0x48 _build/nrf52840_xxaa/nrf_balloc.c.o
 .debug_ranges  0x00000cb8       0x18 _build/nrf52840_xxaa/nrf_fprintf.c.o
 .debug_ranges  0x00000cd0      0x3b8 _build/nrf52840_xxaa/nrf_fprintf_format.c.o
 .debug_ranges  0x00001088       0xb8 _build/nrf52840_xxaa/nrf_memobj.c.o
 .debug_ranges  0x00001140       0x40 _build/nrf52840_xxaa/nrf_ringbuf.c.o
 .debug_ranges  0x00001180       0xd8 _build/nrf52840_xxaa/nrf_drv_twi.c.o
 .debug_ranges  0x00001258       0x20 _build/nrf52840_xxaa/nrf_drv_uart.c.o
 .debug_ranges  0x00001278       0x38 _build/nrf52840_xxaa/nrfx_prs.c.o
 .debug_ranges  0x000012b0      0xa88 _build/nrf52840_xxaa/nrfx_twim.c.o
 .debug_ranges  0x00001d38      0x608 _build/nrf52840_xxaa/nrfx_uart.c.o
 .debug_ranges  0x00002340      0x4f0 _build/nrf52840_xxaa/nrfx_uarte.c.o
 .debug_ranges  0x00002830      0x1e8 _build/nrf52840_xxaa/main.c.o
 .debug_ranges  0x00002a18      0xfa8 _build/nrf52840_xxaa/bme68x.c.o
 .debug_ranges  0x000039c0       0x38 _build/nrf52840_xxaa/system_nrf52840.c.o

.debug_macro    0x00000000     0x6a5a
 .debug_macro   0x00000000      0x375 _build/nrf52840_xxaa/nrf_log_backend_serial.c.o
 .debug_macro   0x00000375       0x16 _build/nrf52840_xxaa/nrf_log_backend_serial.c.o
 .debug_macro   0x0000038b       0x22 _build/nrf52840_xxaa/nrf_log_backend_serial.c.o
 .debug_macro   0x000003ad       0x1c _build/nrf52840_xxaa/nrf_log_backend_serial.c.o
 .debug_macro   0x000003c9       0x10 _build/nrf52840_xxaa/nrf_log_backend_serial.c.o
 .debug_macro   0x000003d9       0xbe _build/nrf52840_xxaa/nrf_log_backend_serial.c.o
 .debug_macro   0x00000497       0x16 _build/nrf52840_xxaa/nrf_log_backend_serial.c.o
 .debug_macro   0x000004ad      0x129 _build/nrf52840_xxaa/nrf_log_backend_serial.c.o
 .debug_macro   0x000005d6       0x49 _build/nrf52840_xxaa/nrf_log_backend_serial.c.o
 .debug_macro   0x0000061f       0x8c _build/nrf52840_xxaa/nrf_log_backend_serial.c.o
 .debug_macro   0x000006ab       0x31 _build/nrf52840_xxaa/nrf_log_backend_serial.c.o
 .debug_macro   0x000006dc       0x55 _build/nrf52840_xxaa/nrf_log_backend_serial.c.o
 .debug_macro   0x00000731       0x98 _build/nrf52840_xxaa/nrf_log_backend_serial.c.o
 .debug_macro   0x000007c9       0x10 _build/nrf52840_xxaa/nrf_log_backend_serial.c.o
 .debug_macro   0x000007d9       0x1d _build/nrf52840_xxaa/nrf_log_backend_serial.c.o
 .debug_macro   0x000007f6       0x2e _build/nrf52840_xxaa/nrf_log_backend_serial.c.o
 .debug_macro   0x00000824       0x1c _build/nrf52840_xxaa/nrf_log_backend_serial.c.o
 .debug_macro   0x00000840      0x17f _build/nrf52840_xxaa/nrf_log_backend_serial.c.o
 .debug_macro   0x000009bf      0x458 _build/nrf52840_xxaa/nrf_log_backend_uart.c.o
 .debug_macro   0x00000e17      0x430 _build/nrf52840_xxaa/nrf_log_backend_uart.c.o
 .debug_macro   0x00001247       0x59 _build/nrf52840_xxaa/nrf_log_backend_uart.c.o
 .debug_macro   0x000012a0      0x25d _build/nrf52840_xxaa/nrf_log_backend_uart.c.o
 .debug_macro   0x000014fd      0x14e _build/nrf52840_xxaa/nrf_log_backend_uart.c.o
 .debug_macro   0x0000164b       0x5a _build/nrf52840_xxaa/nrf_log_backend_uart.c.o
 .debug_macro   0x000016a5       0x1d _build/nrf52840_xxaa/nrf_log_backend_uart.c.o
 .debug_macro   0x000016c2       0xac _build/nrf52840_xxaa/nrf_log_backend_uart.c.o
 .debug_macro   0x0000176e       0x64 _build/nrf52840_xxaa/nrf_log_backend_uart.c.o
 .debug_macro   0x000017d2       0x20 _build/nrf52840_xxaa/nrf_log_backend_uart.c.o
 .debug_macro   0x000017f2       0x10 _build/nrf52840_xxaa/nrf_log_backend_uart.c.o
 .debug_macro   0x00001802       0x10 _build/nrf52840_xxaa/nrf_log_backend_uart.c.o
 .debug_macro   0x00001812       0x10 _build/nrf52840_xxaa/nrf_log_backend_uart.c.o
 .debug_macro   0x00001822       0x10 _build/nrf52840_xxaa/nrf_log_backend_uart.c.o
 .debug_macro   0x00001832       0x10 _build/nrf52840_xxaa/nrf_log_backend_uart.c.o
 .debug_macro   0x00001842       0x3f _build/nrf52840_xxaa/nrf_log_backend_uart.c.o
 .debug_macro   0x00001881      0x366 _build/nrf52840_xxaa/nrf_log_default_backends.c.o
 .debug_macro   0x00001be7       0x10 _build/nrf52840_xxaa/nrf_log_default_backends.c.o
 .debug_macro   0x00001bf7      0x3e7 _build/nrf52840_xxaa/nrf_log_frontend.c.o
 .debug_macro   0x00001fde       0x16 _build/nrf52840_xxaa/nrf_log_frontend.c.o
 .debug_macro   0x00001ff4       0x9a _build/nrf52840_xxaa/nrf_log_frontend.c.o
 .debug_macro   0x0000208e       0x9e _build/nrf52840_xxaa/nrf_log_frontend.c.o
 .debug_macro   0x0000212c      0x3b7 _build/nrf52840_xxaa/nrf_log_str_formatter.c.o
 .debug_macro   0x000024e3       0xa2 _build/nrf52840_xxaa/nrf_log_str_formatter.c.o
 .debug_macro   0x00002585      0x223 _build/nrf52840_xxaa/app_error.c.o
 .debug_macro   0x000027a8       0x35 _build/nrf52840_xxaa/app_error.c.o
 .debug_macro   0x000027dd       0x97 _build/nrf52840_xxaa/app_error.c.o
 .debug_macro   0x00002874       0xf6 _build/nrf52840_xxaa/app_error.c.o
 .debug_macro   0x0000296a      0x365 _build/nrf52840_xxaa/app_error_weak.c.o
 .debug_macro   0x00002ccf       0x16 _build/nrf52840_xxaa/app_error_weak.c.o
 .debug_macro   0x00002ce5       0x92 _build/nrf52840_xxaa/app_error_weak.c.o
 .debug_macro   0x00002d77      0x239 _build/nrf52840_xxaa/app_util_platform.c.o
 .debug_macro   0x00002fb0      0x230 _build/nrf52840_xxaa/nrf_atomic.c.o
 .debug_macro   0x000031e0       0x42 _build/nrf52840_xxaa/nrf_atomic.c.o
 .debug_macro   0x00003222      0x32a _build/nrf52840_xxaa/nrf_balloc.c.o
 .debug_macro   0x0000354c       0x10 _build/nrf52840_xxaa/nrf_balloc.c.o
 .debug_macro   0x0000355c      0x23c _build/nrf52840_xxaa/nrf_fprintf.c.o
 .debug_macro   0x00003798       0x58 _build/nrf52840_xxaa/nrf_fprintf.c.o
 .debug_macro   0x000037f0      0x2ae _build/nrf52840_xxaa/nrf_fprintf_format.c.o
 .debug_macro   0x00003a9e      0x30d _build/nrf52840_xxaa/nrf_memobj.c.o
 .debug_macro   0x00003dab      0x10e _build/nrf52840_xxaa/nrf_memobj.c.o
 .debug_macro   0x00003eb9       0x86 _build/nrf52840_xxaa/nrf_memobj.c.o
 .debug_macro   0x00003f3f       0x5b _build/nrf52840_xxaa/nrf_memobj.c.o
 .debug_macro   0x00003f9a      0x2bc _build/nrf52840_xxaa/nrf_ringbuf.c.o
 .debug_macro   0x00004256      0x39e _build/nrf52840_xxaa/nrf_drv_twi.c.o
 .debug_macro   0x000045f4       0x50 _build/nrf52840_xxaa/nrf_drv_twi.c.o
 .debug_macro   0x00004644       0x3e _build/nrf52840_xxaa/nrf_drv_twi.c.o
 .debug_macro   0x00004682       0x7f _build/nrf52840_xxaa/nrf_drv_twi.c.o
 .debug_macro   0x00004701       0x10 _build/nrf52840_xxaa/nrf_drv_twi.c.o
 .debug_macro   0x00004711       0x1c _build/nrf52840_xxaa/nrf_drv_twi.c.o
 .debug_macro   0x0000472d      0x367 _build/nrf52840_xxaa/nrf_drv_uart.c.o
 .debug_macro   0x00004a94      0x3d4 _build/nrf52840_xxaa/nrfx_prs.c.o
 .debug_macro   0x00004e68       0x28 _build/nrf52840_xxaa/nrfx_prs.c.o
 .debug_macro   0x00004e90       0x1c _build/nrf52840_xxaa/nrfx_prs.c.o
 .debug_macro   0x00004eac       0x37 _build/nrf52840_xxaa/nrfx_prs.c.o
 .debug_macro   0x00004ee3      0x179 _build/nrf52840_xxaa/nrfx_prs.c.o
 .debug_macro   0x0000505c       0x42 _build/nrf52840_xxaa/nrfx_prs.c.o
 .debug_macro   0x0000509e      0x42a _build/nrf52840_xxaa/nrfx_twim.c.o
 .debug_macro   0x000054c8      0x3ef _build/nrf52840_xxaa/nrfx_uart.c.o
 .debug_macro   0x000058b7      0x40d _build/nrf52840_xxaa/nrfx_uarte.c.o
 .debug_macro   0x00005cc4      0x4c7 _build/nrf52840_xxaa/main.c.o
 .debug_macro   0x0000618b       0x5e _build/nrf52840_xxaa/main.c.o
 .debug_macro   0x000061e9       0x5c _build/nrf52840_xxaa/main.c.o
 .debug_macro   0x00006245       0x57 _build/nrf52840_xxaa/main.c.o
 .debug_macro   0x0000629c       0x10 _build/nrf52840_xxaa/main.c.o
 .debug_macro   0x000062ac       0xb2 _build/nrf52840_xxaa/main.c.o
 .debug_macro   0x0000635e       0x10 _build/nrf52840_xxaa/main.c.o
 .debug_macro   0x0000636e      0x483 _build/nrf52840_xxaa/main.c.o
 .debug_macro   0x000067f1      0x169 _build/nrf52840_xxaa/bme68x.c.o
 .debug_macro   0x0000695a      0x100 _build/nrf52840_xxaa/system_nrf52840.c.o

.debug_frame    0x00000000     0x159c
 .debug_frame   0x00000000       0x40 _build/nrf52840_xxaa/nrf_log_backend_serial.c.o
 .debug_frame   0x00000040       0xb0 _build/nrf52840_xxaa/nrf_log_backend_uart.c.o
 .debug_frame   0x000000f0       0x28 _build/nrf52840_xxaa/nrf_log_default_backends.c.o
 .debug_frame   0x00000118      0x2e4 _build/nrf52840_xxaa/nrf_log_frontend.c.o
 .debug_frame   0x000003fc       0xac _build/nrf52840_xxaa/nrf_log_str_formatter.c.o
 .debug_frame   0x000004a8       0x4c _build/nrf52840_xxaa/app_error.c.o
 .debug_frame   0x000004f4       0x28 _build/nrf52840_xxaa/app_error_weak.c.o
 .debug_frame   0x0000051c       0x70 _build/nrf52840_xxaa/app_util_platform.c.o
 .debug_frame   0x0000058c      0x148 _build/nrf52840_xxaa/nrf_atomic.c.o
 .debug_frame   0x000006d4       0x6c _build/nrf52840_xxaa/nrf_balloc.c.o
 .debug_frame   0x00000740       0x5c _build/nrf52840_xxaa/nrf_fprintf.c.o
 .debug_frame   0x0000079c       0xa8 _build/nrf52840_xxaa/nrf_fprintf_format.c.o
 .debug_frame   0x00000844       0xe8 _build/nrf52840_xxaa/nrf_memobj.c.o
 .debug_frame   0x0000092c       0xd8 _build/nrf52840_xxaa/nrf_ringbuf.c.o
 .debug_frame   0x00000a04       0x6c _build/nrf52840_xxaa/nrf_drv_twi.c.o
 .debug_frame   0x00000a70       0x7c _build/nrf52840_xxaa/nrf_drv_uart.c.o
 .debug_frame   0x00000aec       0x4c _build/nrf52840_xxaa/nrfx_prs.c.o
 .debug_frame   0x00000b38      0x1d0 _build/nrf52840_xxaa/nrfx_twim.c.o
 .debug_frame   0x00000d08      0x180 _build/nrf52840_xxaa/nrfx_uart.c.o
 .debug_frame   0x00000e88      0x184 _build/nrf52840_xxaa/nrfx_uarte.c.o
 .debug_frame   0x0000100c      0x12c _build/nrf52840_xxaa/main.c.o
 .debug_frame   0x00001138      0x368 _build/nrf52840_xxaa/bme68x.c.o
 .debug_frame   0x000014a0       0x40 _build/nrf52840_xxaa/system_nrf52840.c.o
 .debug_frame   0x000014e0       0x28 c:/program files (x86)/gnu arm embedded toolchain/10 2021.10/bin/../lib/gcc/arm-none-eabi/10.3.1/../../../../arm-none-eabi/lib/thumb/v7e-m+fp/hard\libc_nano.a(lib_a-exit.o)
 .debug_frame   0x00001508       0x2c c:/program files (x86)/gnu arm embedded toolchain/10 2021.10/bin/../lib/gcc/arm-none-eabi/10.3.1/../../../../arm-none-eabi/lib/thumb/v7e-m+fp/hard\libc_nano.a(lib_a-init.o)
 .debug_frame   0x00001534       0x28 c:/program files (x86)/gnu arm embedded toolchain/10 2021.10/bin/../lib/gcc/arm-none-eabi/10.3.1/../../../../arm-none-eabi/lib/thumb/v7e-m+fp/hard\libc_nano.a(lib_a-memcpy-stub.o)
 .debug_frame   0x0000155c       0x20 c:/program files (x86)/gnu arm embedded toolchain/10 2021.10/bin/../lib/gcc/arm-none-eabi/10.3.1/../../../../arm-none-eabi/lib/thumb/v7e-m+fp/hard\libc_nano.a(lib_a-memset.o)
 .debug_frame   0x0000157c       0x20 c:/program files (x86)/gnu arm embedded toolchain/10 2021.10/bin/../lib/gcc/arm-none-eabi/10.3.1/../../../../arm-none-eabi/lib/thumb/v7e-m+fp/hard\libnosys.a(_exit.o)
